Archive member included to satisfy reference by file (symbol)

/usr/local/Cellar/avr-gcc/4.9.3/lib/gcc/avr/4.9.3/../../../../avr/lib/avr5/libm.a(fixsfsi.o)
                              obj_S60-X_lufa/common/mousekey.o (__fixsfsi)
/usr/local/Cellar/avr-gcc/4.9.3/lib/gcc/avr/4.9.3/../../../../avr/lib/avr5/libm.a(fixunssfsi.o)
                              /usr/local/Cellar/avr-gcc/4.9.3/lib/gcc/avr/4.9.3/../../../../avr/lib/avr5/libm.a(fixsfsi.o) (__fixunssfsi)
/usr/local/Cellar/avr-gcc/4.9.3/lib/gcc/avr/4.9.3/../../../../avr/lib/avr5/libm.a(floatsisf.o)
                              obj_S60-X_lufa/common/mousekey.o (__floatsisf)
/usr/local/Cellar/avr-gcc/4.9.3/lib/gcc/avr/4.9.3/../../../../avr/lib/avr5/libm.a(fp_split3.o)
                              /usr/local/Cellar/avr-gcc/4.9.3/lib/gcc/avr/4.9.3/../../../../avr/lib/avr5/libm.a(fixunssfsi.o) (__fp_splitA)
/usr/local/Cellar/avr-gcc/4.9.3/lib/gcc/avr/4.9.3/../../../../avr/lib/avr5/libm.a(fp_zero.o)
                              /usr/local/Cellar/avr-gcc/4.9.3/lib/gcc/avr/4.9.3/../../../../avr/lib/avr5/libm.a(fixunssfsi.o) (__fp_zero)
/usr/local/Cellar/avr-gcc/4.9.3/lib/gcc/avr/4.9.3/../../../../avr/lib/avr5/libm.a(mulsf3.o)
                              obj_S60-X_lufa/common/mousekey.o (__mulsf3)
/usr/local/Cellar/avr-gcc/4.9.3/lib/gcc/avr/4.9.3/../../../../avr/lib/avr5/libm.a(mulsf3x.o)
                              /usr/local/Cellar/avr-gcc/4.9.3/lib/gcc/avr/4.9.3/../../../../avr/lib/avr5/libm.a(mulsf3.o) (__mulsf3x)
/usr/local/Cellar/avr-gcc/4.9.3/lib/gcc/avr/4.9.3/../../../../avr/lib/avr5/libm.a(fp_inf.o)
                              /usr/local/Cellar/avr-gcc/4.9.3/lib/gcc/avr/4.9.3/../../../../avr/lib/avr5/libm.a(mulsf3x.o) (__fp_inf)
/usr/local/Cellar/avr-gcc/4.9.3/lib/gcc/avr/4.9.3/../../../../avr/lib/avr5/libm.a(fp_nan.o)
                              /usr/local/Cellar/avr-gcc/4.9.3/lib/gcc/avr/4.9.3/../../../../avr/lib/avr5/libm.a(mulsf3x.o) (__fp_nan)
/usr/local/Cellar/avr-gcc/4.9.3/lib/gcc/avr/4.9.3/../../../../avr/lib/avr5/libm.a(fp_pscA.o)
                              /usr/local/Cellar/avr-gcc/4.9.3/lib/gcc/avr/4.9.3/../../../../avr/lib/avr5/libm.a(mulsf3x.o) (__fp_pscA)
/usr/local/Cellar/avr-gcc/4.9.3/lib/gcc/avr/4.9.3/../../../../avr/lib/avr5/libm.a(fp_pscB.o)
                              /usr/local/Cellar/avr-gcc/4.9.3/lib/gcc/avr/4.9.3/../../../../avr/lib/avr5/libm.a(mulsf3x.o) (__fp_pscB)
/usr/local/Cellar/avr-gcc/4.9.3/lib/gcc/avr/4.9.3/../../../../avr/lib/avr5/libm.a(fp_round.o)
                              /usr/local/Cellar/avr-gcc/4.9.3/lib/gcc/avr/4.9.3/../../../../avr/lib/avr5/libm.a(mulsf3.o) (__fp_round)
/usr/local/Cellar/avr-gcc/4.9.3/lib/gcc/avr/4.9.3/avr5/libgcc.a(_udivmodqi4.o)
                              obj_S60-X_lufa/protocol/lufa/lufa.o (__udivmodqi4)
/usr/local/Cellar/avr-gcc/4.9.3/lib/gcc/avr/4.9.3/avr5/libgcc.a(_divmodhi4.o)
                              obj_S60-X_lufa/common/mousekey.o (__divmodhi4)
/usr/local/Cellar/avr-gcc/4.9.3/lib/gcc/avr/4.9.3/avr5/libgcc.a(_exit.o)
                              /usr/local/Cellar/avr-gcc/4.9.3/lib/gcc/avr/4.9.3/../../../../avr/lib/avr5/crtm32u4.o (exit)
/usr/local/Cellar/avr-gcc/4.9.3/lib/gcc/avr/4.9.3/avr5/libgcc.a(_tablejump2.o)
                              obj_S60-X_lufa/protocol/lufa/LUFA-git/LUFA/Drivers/USB/Core/DeviceStandardReq.o (__tablejump2__)
/usr/local/Cellar/avr-gcc/4.9.3/lib/gcc/avr/4.9.3/avr5/libgcc.a(_copy_data.o)
                              obj_S60-X_lufa/matrix.o (__do_copy_data)
/usr/local/Cellar/avr-gcc/4.9.3/lib/gcc/avr/4.9.3/avr5/libgcc.a(_clear_bss.o)
                              obj_S60-X_lufa/matrix.o (__do_clear_bss)
/usr/local/Cellar/avr-gcc/4.9.3/lib/gcc/avr/4.9.3/avr5/libgcc.a(_udivmodhi4.o)
                              /usr/local/Cellar/avr-gcc/4.9.3/lib/gcc/avr/4.9.3/avr5/libgcc.a(_divmodhi4.o) (__udivmodhi4)
/usr/local/Cellar/avr-gcc/4.9.3/lib/gcc/avr/4.9.3/../../../../avr/lib/avr5/libc.a(eerd_byte_atmega32u4.o)
                              obj_S60-X_lufa/protocol/lufa/LUFA-git/LUFA/Drivers/USB/Core/AVR8/EndpointStream_AVR8.o (__eerd_byte_m32u4)
/usr/local/Cellar/avr-gcc/4.9.3/lib/gcc/avr/4.9.3/../../../../avr/lib/avr5/libc.a(eerd_word_atmega32u4.o)
                              obj_S60-X_lufa/common/avr/eeconfig.o (__eerd_word_m32u4)
/usr/local/Cellar/avr-gcc/4.9.3/lib/gcc/avr/4.9.3/../../../../avr/lib/avr5/libc.a(eeupd_byte_atmega32u4.o)
                              obj_S60-X_lufa/protocol/lufa/LUFA-git/LUFA/Drivers/USB/Core/AVR8/EndpointStream_AVR8.o (__eeupd_byte_m32u4)
/usr/local/Cellar/avr-gcc/4.9.3/lib/gcc/avr/4.9.3/../../../../avr/lib/avr5/libc.a(eewr_byte_atmega32u4.o)
                              obj_S60-X_lufa/common/avr/eeconfig.o (__eewr_byte_m32u4)
/usr/local/Cellar/avr-gcc/4.9.3/lib/gcc/avr/4.9.3/../../../../avr/lib/avr5/libc.a(eewr_word_atmega32u4.o)
                              obj_S60-X_lufa/common/avr/eeconfig.o (__eewr_word_m32u4)
[...]
Memory Configuration

Name             Origin             Length             Attributes
text             0x0000000000000000 0x0000000000020000 xr
data             0x0000000000800060 0x000000000000ffa0 rw !x
eeprom           0x0000000000810000 0x0000000000010000 rw !x
fuse             0x0000000000820000 0x0000000000000400 rw !x
lock             0x0000000000830000 0x0000000000000400 rw !x
signature        0x0000000000840000 0x0000000000000400 rw !x
*default*        0x0000000000000000 0xffffffffffffffff

Linker script and memory map

Address of section .data set to 0x800100
LOAD /usr/local/Cellar/avr-gcc/4.9.3/lib/gcc/avr/4.9.3/../../../../avr/lib/avr5/crtm32u4.o
LOAD obj_S60-X_lufa/keymap_tachk.o
LOAD obj_S60-X_lufa/keymap_common.o
LOAD obj_S60-X_lufa/matrix.o
LOAD obj_S60-X_lufa/led.o
LOAD obj_S60-X_lufa/protocol/lufa/lufa.o
LOAD obj_S60-X_lufa/protocol/lufa/descriptor.o
LOAD obj_S60-X_lufa/protocol/lufa/LUFA-git/LUFA/Drivers/USB/Class/Common/HIDParser.o
LOAD obj_S60-X_lufa/protocol/lufa/LUFA-git/LUFA/Drivers/USB/Core/AVR8/Device_AVR8.o
LOAD obj_S60-X_lufa/protocol/lufa/LUFA-git/LUFA/Drivers/USB/Core/AVR8/EndpointStream_AVR8.o
LOAD obj_S60-X_lufa/protocol/lufa/LUFA-git/LUFA/Drivers/USB/Core/AVR8/Endpoint_AVR8.o
LOAD obj_S60-X_lufa/protocol/lufa/LUFA-git/LUFA/Drivers/USB/Core/AVR8/Host_AVR8.o
LOAD obj_S60-X_lufa/protocol/lufa/LUFA-git/LUFA/Drivers/USB/Core/AVR8/PipeStream_AVR8.o
LOAD obj_S60-X_lufa/protocol/lufa/LUFA-git/LUFA/Drivers/USB/Core/AVR8/Pipe_AVR8.o
LOAD obj_S60-X_lufa/protocol/lufa/LUFA-git/LUFA/Drivers/USB/Core/AVR8/USBController_AVR8.o
LOAD obj_S60-X_lufa/protocol/lufa/LUFA-git/LUFA/Drivers/USB/Core/AVR8/USBInterrupt_AVR8.o
LOAD obj_S60-X_lufa/protocol/lufa/LUFA-git/LUFA/Drivers/USB/Core/ConfigDescriptors.o
LOAD obj_S60-X_lufa/protocol/lufa/LUFA-git/LUFA/Drivers/USB/Core/DeviceStandardReq.o
LOAD obj_S60-X_lufa/protocol/lufa/LUFA-git/LUFA/Drivers/USB/Core/Events.o
LOAD obj_S60-X_lufa/protocol/lufa/LUFA-git/LUFA/Drivers/USB/Core/HostStandardReq.o
LOAD obj_S60-X_lufa/protocol/lufa/LUFA-git/LUFA/Drivers/USB/Core/USBTask.o
LOAD obj_S60-X_lufa/common/host.o
LOAD obj_S60-X_lufa/common/keyboard.o
LOAD obj_S60-X_lufa/common/action.o
LOAD obj_S60-X_lufa/common/action_tapping.o
LOAD obj_S60-X_lufa/common/action_macro.o
LOAD obj_S60-X_lufa/common/action_layer.o
LOAD obj_S60-X_lufa/common/action_util.o
LOAD obj_S60-X_lufa/common/print.o
LOAD obj_S60-X_lufa/common/debug.o
LOAD obj_S60-X_lufa/common/util.o
LOAD obj_S60-X_lufa/common/avr/suspend.o
LOAD obj_S60-X_lufa/common/avr/xprintf.o
LOAD obj_S60-X_lufa/common/avr/timer.o
LOAD obj_S60-X_lufa/common/avr/bootloader.o
LOAD obj_S60-X_lufa/common/keymap.o
LOAD obj_S60-X_lufa/common/bootmagic.o
LOAD obj_S60-X_lufa/common/avr/eeconfig.o
LOAD obj_S60-X_lufa/common/mousekey.o
LOAD obj_S60-X_lufa/common/command.o
LOAD /usr/local/Cellar/avr-gcc/4.9.3/lib/gcc/avr/4.9.3/../../../../avr/lib/avr5/libm.a
START GROUP
LOAD /usr/local/Cellar/avr-gcc/4.9.3/lib/gcc/avr/4.9.3/avr5/libgcc.a
LOAD /usr/local/Cellar/avr-gcc/4.9.3/lib/gcc/avr/4.9.3/../../../../avr/lib/avr5/libm.a
LOAD /usr/local/Cellar/avr-gcc/4.9.3/lib/gcc/avr/4.9.3/../../../../avr/lib/avr5/libc.a
END GROUP

.hash
 *(.hash)

.dynsym
 *(.dynsym)

.dynstr
 *(.dynstr)

.gnu.version
 *(.gnu.version)

.gnu.version_d
 *(.gnu.version_d)

.gnu.version_r
 *(.gnu.version_r)

.rel.init
 *(.rel.init)

.rela.init
 *(.rela.init)

.rel.text
 *(.rel.text)
 *(.rel.text.*)
 *(.rel.gnu.linkonce.t*)

.rela.text
 *(.rela.text)
 *(.rela.text.*)
 *(.rela.gnu.linkonce.t*)

.rel.fini
 *(.rel.fini)

.rela.fini
 *(.rela.fini)

.rel.rodata
 *(.rel.rodata)
 *(.rel.rodata.*)
 *(.rel.gnu.linkonce.r*)

.rela.rodata
 *(.rela.rodata)
 *(.rela.rodata.*)
 *(.rela.gnu.linkonce.r*)

.rel.data
 *(.rel.data)
 *(.rel.data.*)
 *(.rel.gnu.linkonce.d*)

.rela.data
 *(.rela.data)
 *(.rela.data.*)
 *(.rela.gnu.linkonce.d*)

.rel.ctors
 *(.rel.ctors)

.rela.ctors
 *(.rela.ctors)

.rel.dtors
 *(.rel.dtors)

.rela.dtors
 *(.rela.dtors)

.rel.got
 *(.rel.got)

.rela.got
 *(.rela.got)

.rel.bss
 *(.rel.bss)

.rela.bss
 *(.rela.bss)

.rel.plt
 *(.rel.plt)

.rela.plt
 *(.rela.plt)

.text           0x0000000000000000     0x517e
 *(.vectors)
 .vectors       0x0000000000000000       0xac /usr/local/Cellar/avr-gcc/4.9.3/lib/gcc/avr/4.9.3/../../../../avr/lib/avr5/crtm32u4.o
                0x0000000000000000                __vectors
                0x0000000000000000                __vector_default
 *(.vectors)
 *(.progmem.gcc*)
 .progmem.gcc_sw_table.USB_Device_ProcessControlRequest
                0x00000000000000ac       0x14 obj_S60-X_lufa/protocol/lufa/LUFA-git/LUFA/Drivers/USB/Core/DeviceStandardReq.o
 .progmem.gcc_sw_table.process_action
                0x00000000000000c0       0x20 obj_S60-X_lufa/common/action.o
                0x00000000000000e0                . = ALIGN (0x2)
                0x00000000000000e0                __trampolines_start = .
 *(.trampolines)
 .trampolines   0x00000000000000e0        0x0 linker stubs
 *(.trampolines*)
                0x00000000000000e0                __trampolines_end = .
 *(.progmem*)
 .progmem.data.fn_actions
                0x00000000000000e0        0x4 obj_S60-X_lufa/keymap_tachk.o
                0x00000000000000e0                fn_actions
 .progmem.data.keymaps
                0x00000000000000e4       0x96 obj_S60-X_lufa/keymap_tachk.o
                0x00000000000000e4                keymaps
 .progmem.data.__c.1942
                0x000000000000017a        0x2 obj_S60-X_lufa/matrix.o
 .progmem.data.__c.1940
                0x000000000000017c        0x6 obj_S60-X_lufa/matrix.o
 .progmem.data.__c.1938
                0x0000000000000182        0x3 obj_S60-X_lufa/matrix.o
 .progmem.data.__c.1936
                0x0000000000000185        0x5 obj_S60-X_lufa/matrix.o
 .progmem.data.__c.1933
                0x000000000000018a       0x17 obj_S60-X_lufa/matrix.o
 .progmem.data.__c.1911
                0x00000000000001a1        0x2 obj_S60-X_lufa/matrix.o
 .progmem.data.__c.1909
                0x00000000000001a3        0x5 obj_S60-X_lufa/matrix.o
 .progmem.data.__c.1907
                0x00000000000001a8        0xa obj_S60-X_lufa/matrix.o
 .progmem.data.__c.4843
                0x00000000000001b2        0x4 obj_S60-X_lufa/protocol/lufa/lufa.o
 .progmem.data.__c.4841
                0x00000000000001b6       0x11 obj_S60-X_lufa/protocol/lufa/lufa.o
 .progmem.data.__c.4839
                0x00000000000001c7       0x11 obj_S60-X_lufa/protocol/lufa/lufa.o
 .progmem.data.__c.4741
                0x00000000000001d8        0x4 obj_S60-X_lufa/protocol/lufa/lufa.o
 .progmem.data.__c.4737
                0x00000000000001dc        0x4 obj_S60-X_lufa/protocol/lufa/lufa.o
 .progmem.data.__c.4733
                0x00000000000001e0        0x4 obj_S60-X_lufa/protocol/lufa/lufa.o
 .progmem.data.__c.4728
                0x00000000000001e4        0x4 obj_S60-X_lufa/protocol/lufa/lufa.o
 .progmem.data.__c.4723
                0x00000000000001e8        0x4 obj_S60-X_lufa/protocol/lufa/lufa.o
 .progmem.data.ProductString
                0x00000000000001ec        0xe obj_S60-X_lufa/protocol/lufa/descriptor.o
                0x00000000000001ec                ProductString
 .progmem.data.ManufacturerString
                0x00000000000001fa        0xa obj_S60-X_lufa/protocol/lufa/descriptor.o
                0x00000000000001fa                ManufacturerString
 .progmem.data.LanguageString
                0x0000000000000204        0x4 obj_S60-X_lufa/protocol/lufa/descriptor.o
                0x0000000000000204                LanguageString
 .progmem.data.ConfigurationDescriptor
                0x0000000000000208       0x74 obj_S60-X_lufa/protocol/lufa/descriptor.o
                0x0000000000000208                ConfigurationDescriptor
 .progmem.data.DeviceDescriptor
                0x000000000000027c       0x12 obj_S60-X_lufa/protocol/lufa/descriptor.o
                0x000000000000027c                DeviceDescriptor
 .progmem.data.ConsoleReport
                0x000000000000028e       0x20 obj_S60-X_lufa/protocol/lufa/descriptor.o
                0x000000000000028e                ConsoleReport
 .progmem.data.ExtrakeyReport
                0x00000000000002ae       0x36 obj_S60-X_lufa/protocol/lufa/descriptor.o
                0x00000000000002ae                ExtrakeyReport
 .progmem.data.MouseReport
                0x00000000000002e4       0x4d obj_S60-X_lufa/protocol/lufa/descriptor.o
                0x00000000000002e4                MouseReport
 .progmem.data.KeyboardReport
                0x0000000000000331       0x3f obj_S60-X_lufa/protocol/lufa/descriptor.o
                0x0000000000000331                KeyboardReport
 .progmem.data.__c.2045
                0x0000000000000370        0x2 obj_S60-X_lufa/common/host.o
 .progmem.data.__c.2040
                0x0000000000000372        0x6 obj_S60-X_lufa/common/host.o
 .progmem.data.__c.2037
                0x0000000000000378       0x12 obj_S60-X_lufa/common/host.o
 .progmem.data.__c.2385
                0x000000000000038a        0x2 obj_S60-X_lufa/common/keyboard.o
 .progmem.data.__c.2383
                0x000000000000038c        0x5 obj_S60-X_lufa/common/keyboard.o
 .progmem.data.__c.2381
                0x0000000000000391       0x13 obj_S60-X_lufa/common/keyboard.o
 .progmem.data.__c.2454
                0x00000000000003a4        0x7 obj_S60-X_lufa/common/bootmagic.o
 .progmem.data.__c.2448
                0x00000000000003ab       0x15 obj_S60-X_lufa/common/bootmagic.o
 .progmem.data.__c.2118
                0x00000000000003c0        0x3 obj_S60-X_lufa/common/mousekey.o
 .progmem.data.__c.2116
                0x00000000000003c3        0x3 obj_S60-X_lufa/common/mousekey.o
 .progmem.data.__c.2114
                0x00000000000003c6        0x2 obj_S60-X_lufa/common/mousekey.o
 .progmem.data.__c.2112
                0x00000000000003c8        0x3 obj_S60-X_lufa/common/mousekey.o
 .progmem.data.__c.2110
                0x00000000000003cb        0x3 obj_S60-X_lufa/common/mousekey.o
 .progmem.data.__c.2108
                0x00000000000003ce        0x3 obj_S60-X_lufa/common/mousekey.o
 .progmem.data.__c.2106
                0x00000000000003d1        0x2 obj_S60-X_lufa/common/mousekey.o
 .progmem.data.__c.2104
                0x00000000000003d3        0x3 obj_S60-X_lufa/common/mousekey.o
 .progmem.data.__c.2102
                0x00000000000003d6        0x2 obj_S60-X_lufa/common/mousekey.o
 .progmem.data.__c.2100
                0x00000000000003d8        0x3 obj_S60-X_lufa/common/mousekey.o
 .progmem.data.__c.2098
                0x00000000000003db        0x2 obj_S60-X_lufa/common/mousekey.o
 .progmem.data.__c.2096
                0x00000000000003dd        0x3 obj_S60-X_lufa/common/mousekey.o
 .progmem.data.__c.2094
                0x00000000000003e0        0x2 obj_S60-X_lufa/common/mousekey.o
 .progmem.data.__c.2092
                0x00000000000003e2        0x5 obj_S60-X_lufa/common/mousekey.o
 .progmem.data.__c.2090
                0x00000000000003e7       0x23 obj_S60-X_lufa/common/mousekey.o
 .progmem.data.__c.2835
                0x000000000000040a       0x1b obj_S60-X_lufa/common/command.o
 .progmem.data.__c.2832
                0x0000000000000425       0x19 obj_S60-X_lufa/common/command.o
 .progmem.data.__c.2829
                0x000000000000043e       0x15 obj_S60-X_lufa/common/command.o
 .progmem.data.__c.2826
                0x0000000000000453       0x13 obj_S60-X_lufa/common/command.o
 .progmem.data.__c.2823
                0x0000000000000466       0x12 obj_S60-X_lufa/common/command.o
 .progmem.data.__c.2819
                0x0000000000000478        0xf obj_S60-X_lufa/common/command.o
 .progmem.data.__c.2812
                0x0000000000000487       0x1b obj_S60-X_lufa/common/command.o
 .progmem.data.__c.2809
                0x00000000000004a2       0x19 obj_S60-X_lufa/common/command.o
 .progmem.data.__c.2806
                0x00000000000004bb       0x15 obj_S60-X_lufa/common/command.o
 .progmem.data.__c.2803
                0x00000000000004d0       0x13 obj_S60-X_lufa/common/command.o
 .progmem.data.__c.2800
                0x00000000000004e3       0x12 obj_S60-X_lufa/common/command.o
 .progmem.data.__c.2796
                0x00000000000004f5        0xf obj_S60-X_lufa/common/command.o
 .progmem.data.__c.2789
                0x0000000000000504        0x2 obj_S60-X_lufa/common/command.o
 .progmem.data.__c.2787
                0x0000000000000506        0x3 obj_S60-X_lufa/common/command.o
 .progmem.data.__c.2785
                0x0000000000000509       0x17 obj_S60-X_lufa/common/command.o
 .progmem.data.__c.2783
                0x0000000000000520        0x2 obj_S60-X_lufa/common/command.o
 .progmem.data.__c.2781
                0x0000000000000522        0x3 obj_S60-X_lufa/common/command.o
 .progmem.data.__c.2779
                0x0000000000000525       0x15 obj_S60-X_lufa/common/command.o
 .progmem.data.__c.2777
                0x000000000000053a        0x2 obj_S60-X_lufa/common/command.o
 .progmem.data.__c.2775
                0x000000000000053c        0x3 obj_S60-X_lufa/common/command.o
 .progmem.data.__c.2773
                0x000000000000053f       0x11 obj_S60-X_lufa/common/command.o
 .progmem.data.__c.2771
                0x0000000000000550        0x2 obj_S60-X_lufa/common/command.o
 .progmem.data.__c.2769
                0x0000000000000552        0x3 obj_S60-X_lufa/common/command.o
 .progmem.data.__c.2767
                0x0000000000000555        0xf obj_S60-X_lufa/common/command.o
 .progmem.data.__c.2765
                0x0000000000000564        0x2 obj_S60-X_lufa/common/command.o
 .progmem.data.__c.2763
                0x0000000000000566        0x3 obj_S60-X_lufa/common/command.o
 .progmem.data.__c.2761
                0x0000000000000569       0x12 obj_S60-X_lufa/common/command.o
 .progmem.data.__c.2759
                0x000000000000057b        0x2 obj_S60-X_lufa/common/command.o
 .progmem.data.__c.2757
                0x000000000000057d        0x3 obj_S60-X_lufa/common/command.o
 .progmem.data.__c.2755
                0x0000000000000580       0x12 obj_S60-X_lufa/common/command.o
 .progmem.data.__c.2753
                0x0000000000000592        0xe obj_S60-X_lufa/common/command.o
 .progmem.data.__c.2873
                0x00000000000005a0        0x3 obj_S60-X_lufa/common/command.o
 .progmem.data.__c.2871
                0x00000000000005a3        0x6 obj_S60-X_lufa/common/command.o
 .progmem.data.__c.2869
                0x00000000000005a9        0x2 obj_S60-X_lufa/common/command.o
 .progmem.data.__c.2866
                0x00000000000005ab        0xd obj_S60-X_lufa/common/command.o
 .progmem.data.__c.2852
                0x00000000000005b8        0x4 obj_S60-X_lufa/common/command.o
 .progmem.data.__c.2842
                0x00000000000005bc       0x4e obj_S60-X_lufa/common/command.o
 .progmem.data.__c.2840
                0x000000000000060a       0xfb obj_S60-X_lufa/common/command.o
 .progmem.data.__c.2745
                0x0000000000000705        0x2 obj_S60-X_lufa/common/command.o
 .progmem.data.__c.2742
                0x0000000000000707        0x4 obj_S60-X_lufa/common/command.o
 .progmem.data.__c.2747
                0x000000000000070b        0x4 obj_S60-X_lufa/common/command.o
 .progmem.data.__c.2891
                0x000000000000070f        0x5 obj_S60-X_lufa/common/command.o
 .progmem.data.__c.2731
                0x0000000000000714       0x27 obj_S60-X_lufa/common/command.o
 .progmem.data.__c.2563
                0x000000000000073b       0x9d obj_S60-X_lufa/common/command.o
 .progmem.data.__c.2658
                0x00000000000007d8        0x2 obj_S60-X_lufa/common/command.o
 .progmem.data.__c.2656
                0x00000000000007da        0x3 obj_S60-X_lufa/common/command.o
 .progmem.data.__c.2654
                0x00000000000007dd        0x8 obj_S60-X_lufa/common/command.o
 .progmem.data.__c.2652
                0x00000000000007e5        0x2 obj_S60-X_lufa/common/command.o
 .progmem.data.__c.2650
                0x00000000000007e7        0x3 obj_S60-X_lufa/common/command.o
 .progmem.data.__c.2648
                0x00000000000007ea       0x1c obj_S60-X_lufa/common/command.o
 .progmem.data.__c.2646
                0x0000000000000806        0x2 obj_S60-X_lufa/common/command.o
 .progmem.data.__c.2644
                0x0000000000000808        0x3 obj_S60-X_lufa/common/command.o
 .progmem.data.__c.2642
                0x000000000000080b       0x12 obj_S60-X_lufa/common/command.o
 .progmem.data.__c.2640
                0x000000000000081d        0x2 obj_S60-X_lufa/common/command.o
 .progmem.data.__c.2638
                0x000000000000081f        0x3 obj_S60-X_lufa/common/command.o
 .progmem.data.__c.2636
                0x0000000000000822        0xa obj_S60-X_lufa/common/command.o
 .progmem.data.__c.2634
                0x000000000000082c        0x2 obj_S60-X_lufa/common/command.o
 .progmem.data.__c.2632
                0x000000000000082e        0x3 obj_S60-X_lufa/common/command.o
 .progmem.data.__c.2630
                0x0000000000000831       0x12 obj_S60-X_lufa/common/command.o
 .progmem.data.__c.2628
                0x0000000000000843        0x2 obj_S60-X_lufa/common/command.o
 .progmem.data.__c.2626
                0x0000000000000845        0x3 obj_S60-X_lufa/common/command.o
 .progmem.data.__c.2624
                0x0000000000000848       0x12 obj_S60-X_lufa/common/command.o
 .progmem.data.__c.2622
                0x000000000000085a        0x2 obj_S60-X_lufa/common/command.o
 .progmem.data.__c.2620
                0x000000000000085c        0x3 obj_S60-X_lufa/common/command.o
 .progmem.data.__c.2618
                0x000000000000085f       0x17 obj_S60-X_lufa/common/command.o
 .progmem.data.__c.2616
                0x0000000000000876        0x2 obj_S60-X_lufa/common/command.o
 .progmem.data.__c.2614
                0x0000000000000878        0x3 obj_S60-X_lufa/common/command.o
 .progmem.data.__c.2612
                0x000000000000087b       0x19 obj_S60-X_lufa/common/command.o
 .progmem.data.__c.2610
                0x0000000000000894        0x2 obj_S60-X_lufa/common/command.o
 .progmem.data.__c.2608
                0x0000000000000896        0x5 obj_S60-X_lufa/common/command.o
 .progmem.data.__c.2606
                0x000000000000089b       0x14 obj_S60-X_lufa/common/command.o
 .progmem.data.__c.2603
                0x00000000000008af        0x2 obj_S60-X_lufa/common/command.o
 .progmem.data.__c.2601
                0x00000000000008b1        0x3 obj_S60-X_lufa/common/command.o
 .progmem.data.__c.2599
                0x00000000000008b4        0x9 obj_S60-X_lufa/common/command.o
 .progmem.data.__c.2597
                0x00000000000008bd        0x2 obj_S60-X_lufa/common/command.o
 .progmem.data.__c.2595
                0x00000000000008bf        0x3 obj_S60-X_lufa/common/command.o
 .progmem.data.__c.2593
                0x00000000000008c2        0xc obj_S60-X_lufa/common/command.o
 .progmem.data.__c.2591
                0x00000000000008ce        0x2 obj_S60-X_lufa/common/command.o
 .progmem.data.__c.2589
                0x00000000000008d0        0x3 obj_S60-X_lufa/common/command.o
 .progmem.data.__c.2587
                0x00000000000008d3        0xa obj_S60-X_lufa/common/command.o
 .progmem.data.__c.2585
                0x00000000000008dd        0x2 obj_S60-X_lufa/common/command.o
 .progmem.data.__c.2583
                0x00000000000008df        0x3 obj_S60-X_lufa/common/command.o
 .progmem.data.__c.2581
                0x00000000000008e2        0xa obj_S60-X_lufa/common/command.o
 .progmem.data.__c.2579
                0x00000000000008ec        0x2 obj_S60-X_lufa/common/command.o
 .progmem.data.__c.2577
                0x00000000000008ee        0x5 obj_S60-X_lufa/common/command.o
 .progmem.data.__c.2575
                0x00000000000008f3       0x13 obj_S60-X_lufa/common/command.o
 .progmem.data.__c.2572
                0x0000000000000906        0x2 obj_S60-X_lufa/common/command.o
 .progmem.data.__c.2570
                0x0000000000000908        0x3 obj_S60-X_lufa/common/command.o
 .progmem.data.__c.2568
                0x000000000000090b       0x10 obj_S60-X_lufa/common/command.o
 .progmem.data.__c.2726
                0x000000000000091b        0x2 obj_S60-X_lufa/common/command.o
 .progmem.data.__c.2717
                0x000000000000091d       0x17 obj_S60-X_lufa/common/command.o
 .progmem.data.__c.2715
                0x0000000000000934       0x13 obj_S60-X_lufa/common/command.o
 .progmem.data.__c.2713
                0x0000000000000947       0x17 obj_S60-X_lufa/common/command.o
 .progmem.data.__c.2711
                0x000000000000095e       0x1a obj_S60-X_lufa/common/command.o
 .progmem.data.__c.2709
                0x0000000000000978        0xe obj_S60-X_lufa/common/command.o
 .progmem.data.__c.2706
                0x0000000000000986       0x2b obj_S60-X_lufa/common/command.o
 .progmem.data.__c.2704
                0x00000000000009b1       0x40 obj_S60-X_lufa/common/command.o
 .progmem.data.__c.2702
                0x00000000000009f1       0x2d obj_S60-X_lufa/common/command.o
 .progmem.data.__c.2700
                0x0000000000000a1e       0x31 obj_S60-X_lufa/common/command.o
 .progmem.data.__c.2698
                0x0000000000000a4f       0x32 obj_S60-X_lufa/common/command.o
 .progmem.data.__c.2696
                0x0000000000000a81        0xf obj_S60-X_lufa/common/command.o
 .progmem.data.__c.2693
                0x0000000000000a90        0xd obj_S60-X_lufa/common/command.o
 .progmem.data.__c.2691
                0x0000000000000a9d        0xc obj_S60-X_lufa/common/command.o
 .progmem.data.__c.2688
                0x0000000000000aa9       0x10 obj_S60-X_lufa/common/command.o
 .progmem.data.__c.2686
                0x0000000000000ab9        0xf obj_S60-X_lufa/common/command.o
 .progmem.data.__c.2683
                0x0000000000000ac8        0xe obj_S60-X_lufa/common/command.o
 .progmem.data.__c.2681
                0x0000000000000ad6        0xd obj_S60-X_lufa/common/command.o
 .progmem.data.__c.2678
                0x0000000000000ae3        0xc obj_S60-X_lufa/common/command.o
 .progmem.data.__c.2676
                0x0000000000000aef        0xd obj_S60-X_lufa/common/command.o
 .progmem.data.__c.2673
                0x0000000000000afc       0x11 obj_S60-X_lufa/common/command.o
 .progmem.data.__c.2670
                0x0000000000000b0d        0x4 obj_S60-X_lufa/common/command.o
 .progmem.data.__c.2664
                0x0000000000000b11        0xb obj_S60-X_lufa/common/command.o
                0x0000000000000b1c                . = ALIGN (0x2)
 *(.jumptables)
 *(.jumptables*)
 *(.lowtext)
 *(.lowtext*)
                0x0000000000000b1c                __ctors_start = .
 *(.ctors)
                0x0000000000000b1c                __ctors_end = .
                0x0000000000000b1c                __dtors_start = .
 *(.dtors)
                0x0000000000000b1c                __dtors_end = .
 SORT(*)(.ctors)
 SORT(*)(.dtors)
 *(.init0)
 .init0         0x0000000000000b1c        0x0 /usr/local/Cellar/avr-gcc/4.9.3/lib/gcc/avr/4.9.3/../../../../avr/lib/avr5/crtm32u4.o
                0x0000000000000b1c                __init
 *(.init0)
 *(.init1)
 *(.init1)
 *(.init2)
 .init2         0x0000000000000b1c        0xc /usr/local/Cellar/avr-gcc/4.9.3/lib/gcc/avr/4.9.3/../../../../avr/lib/avr5/crtm32u4.o
 *(.init2)
 *(.init3)
 .init3         0x0000000000000b28       0x4e obj_S60-X_lufa/common/avr/bootloader.o
                0x0000000000000b28                bootloader_jump_after_watchdog_reset
 *(.init3)
 *(.init4)
 .init4         0x0000000000000b76       0x16 /usr/local/Cellar/avr-gcc/4.9.3/lib/gcc/avr/4.9.3/avr5/libgcc.a(_copy_data.o)
                0x0000000000000b76                __do_copy_data
 .init4         0x0000000000000b8c       0x10 /usr/local/Cellar/avr-gcc/4.9.3/lib/gcc/avr/4.9.3/avr5/libgcc.a(_clear_bss.o)
                0x0000000000000b8c                __do_clear_bss
 *(.init4)
 *(.init5)
 *(.init5)
 *(.init6)
 *(.init6)
 *(.init7)
 *(.init7)
 *(.init8)
 *(.init8)
 *(.init9)
 .init9         0x0000000000000b9c        0x8 /usr/local/Cellar/avr-gcc/4.9.3/lib/gcc/avr/4.9.3/../../../../avr/lib/avr5/crtm32u4.o
 *(.init9)
 *(.text)
 .text          0x0000000000000ba4        0x4 /usr/local/Cellar/avr-gcc/4.9.3/lib/gcc/avr/4.9.3/../../../../avr/lib/avr5/crtm32u4.o
                0x0000000000000ba4                __vector_42
                0x0000000000000ba4                __vector_22
                0x0000000000000ba4                __vector_28
                0x0000000000000ba4                __vector_1
                0x0000000000000ba4                __vector_32
                0x0000000000000ba4                __vector_34
                0x0000000000000ba4                __vector_24
                0x0000000000000ba4                __bad_interrupt
                0x0000000000000ba4                __vector_6
                0x0000000000000ba4                __vector_31
                0x0000000000000ba4                __vector_35
                0x0000000000000ba4                __vector_39
                0x0000000000000ba4                __vector_3
                0x0000000000000ba4                __vector_23
                0x0000000000000ba4                __vector_30
                0x0000000000000ba4                __vector_25
                0x0000000000000ba4                __vector_13
                0x0000000000000ba4                __vector_17
                0x0000000000000ba4                __vector_19
                0x0000000000000ba4                __vector_7
                0x0000000000000ba4                __vector_41
                0x0000000000000ba4                __vector_27
                0x0000000000000ba4                __vector_5
                0x0000000000000ba4                __vector_33
                0x0000000000000ba4                __vector_37
                0x0000000000000ba4                __vector_4
                0x0000000000000ba4                __vector_9
                0x0000000000000ba4                __vector_2
                0x0000000000000ba4                __vector_15
                0x0000000000000ba4                __vector_36
                0x0000000000000ba4                __vector_29
                0x0000000000000ba4                __vector_40
                0x0000000000000ba4                __vector_8
                0x0000000000000ba4                __vector_26
                0x0000000000000ba4                __vector_14
                0x0000000000000ba4                __vector_16
                0x0000000000000ba4                __vector_18
                0x0000000000000ba4                __vector_20
                0x0000000000000ba4                __vector_38
 .text          0x0000000000000ba8      0x15c obj_S60-X_lufa/common/avr/xprintf.o
                0x0000000000000ba8                xputc
                0x0000000000000bc0                xputs
                0x0000000000000bce                xitoa
                0x0000000000000cf2                __xprintf
                0x0000000000000d04                . = ALIGN (0x2)
 *(.text.*)
 .text.keymap_key_to_keycode
                0x0000000000000d04       0x1e obj_S60-X_lufa/keymap_common.o
                0x0000000000000d04                keymap_key_to_keycode
 .text.keymap_fn_to_action
                0x0000000000000d22       0x12 obj_S60-X_lufa/keymap_common.o
                0x0000000000000d22                keymap_fn_to_action
 .text.unselect_rows
                0x0000000000000d34        0xe obj_S60-X_lufa/matrix.o
 .text.matrix_init
                0x0000000000000d42       0x48 obj_S60-X_lufa/matrix.o
                0x0000000000000d42                matrix_init
 .text.matrix_scan
                0x0000000000000d8a      0x244 obj_S60-X_lufa/matrix.o
                0x0000000000000d8a                matrix_scan
 .text.matrix_get_row
                0x0000000000000fce       0x12 obj_S60-X_lufa/matrix.o
                0x0000000000000fce                matrix_get_row
 .text.matrix_print
                0x0000000000000fe0       0x8e obj_S60-X_lufa/matrix.o
                0x0000000000000fe0                matrix_print
 .text.led_set  0x000000000000106e        0x2 obj_S60-X_lufa/led.o
                0x000000000000106e                led_set
 .text.keyboard_leds
                0x0000000000001070        0x6 obj_S60-X_lufa/protocol/lufa/lufa.o
 .text.sendchar
                0x0000000000001076       0xc6 obj_S60-X_lufa/protocol/lufa/lufa.o
                0x0000000000001076                sendchar
 .text.send_consumer
                0x000000000000113c       0x68 obj_S60-X_lufa/protocol/lufa/lufa.o
 .text.send_system
                0x00000000000011a4       0x68 obj_S60-X_lufa/protocol/lufa/lufa.o
 .text.send_mouse
                0x000000000000120c       0x46 obj_S60-X_lufa/protocol/lufa/lufa.o
 .text.send_keyboard
                0x0000000000001252       0x60 obj_S60-X_lufa/protocol/lufa/lufa.o
 .text.EVENT_USB_Device_Connect
                0x00000000000012b2       0x24 obj_S60-X_lufa/protocol/lufa/lufa.o
                0x00000000000012b2                EVENT_USB_Device_Connect
 .text.EVENT_USB_Device_Disconnect
                0x00000000000012d6        0xe obj_S60-X_lufa/protocol/lufa/lufa.o
                0x00000000000012d6                EVENT_USB_Device_Disconnect
 .text.EVENT_USB_Device_Reset
                0x00000000000012e4        0x8 obj_S60-X_lufa/protocol/lufa/lufa.o
                0x00000000000012e4                EVENT_USB_Device_Reset
 .text.EVENT_USB_Device_Suspend
                0x00000000000012ec        0x8 obj_S60-X_lufa/protocol/lufa/lufa.o
                0x00000000000012ec                EVENT_USB_Device_Suspend
 .text.EVENT_USB_Device_WakeUp
                0x00000000000012f4        0xc obj_S60-X_lufa/protocol/lufa/lufa.o
                0x00000000000012f4                EVENT_USB_Device_WakeUp
 .text.EVENT_USB_Device_StartOfFrame
                0x0000000000001300       0x82 obj_S60-X_lufa/protocol/lufa/lufa.o
                0x0000000000001300                EVENT_USB_Device_StartOfFrame
 .text.EVENT_USB_Device_ConfigurationChanged
                0x0000000000001382       0x28 obj_S60-X_lufa/protocol/lufa/lufa.o
                0x0000000000001382                EVENT_USB_Device_ConfigurationChanged
 .text.EVENT_USB_Device_ControlRequest
                0x00000000000013aa      0x160 obj_S60-X_lufa/protocol/lufa/lufa.o
                0x00000000000013aa                EVENT_USB_Device_ControlRequest
 .text.startup.main
                0x000000000000150a       0x9c obj_S60-X_lufa/protocol/lufa/lufa.o
                0x000000000000150a                main
 .text.CALLBACK_USB_GetDescriptor
                0x00000000000015a6       0xb0 obj_S60-X_lufa/protocol/lufa/descriptor.o
                0x00000000000015a6                CALLBACK_USB_GetDescriptor
 .text.USB_Device_SendRemoteWakeup
                0x0000000000001656       0x2c obj_S60-X_lufa/protocol/lufa/LUFA-git/LUFA/Drivers/USB/Core/AVR8/Device_AVR8.o
                0x0000000000001656                USB_Device_SendRemoteWakeup
 .text.Endpoint_Write_Stream_LE
                0x0000000000001682       0x96 obj_S60-X_lufa/protocol/lufa/LUFA-git/LUFA/Drivers/USB/Core/AVR8/EndpointStream_AVR8.o
                0x0000000000001682                Endpoint_Write_Stream_LE
 .text.Endpoint_Write_Control_Stream_LE
                0x0000000000001718       0xc6 obj_S60-X_lufa/protocol/lufa/LUFA-git/LUFA/Drivers/USB/Core/AVR8/EndpointStream_AVR8.o
                0x0000000000001718                Endpoint_Write_Control_Stream_LE
 .text.Endpoint_Write_Control_PStream_LE
                0x00000000000017de       0xc2 obj_S60-X_lufa/protocol/lufa/LUFA-git/LUFA/Drivers/USB/Core/AVR8/EndpointStream_AVR8.o
                0x00000000000017de                Endpoint_Write_Control_PStream_LE
 .text.Endpoint_ConfigureEndpoint_Prv
                0x00000000000018a0       0x6a obj_S60-X_lufa/protocol/lufa/LUFA-git/LUFA/Drivers/USB/Core/AVR8/Endpoint_AVR8.o
                0x00000000000018a0                Endpoint_ConfigureEndpoint_Prv
 .text.Endpoint_ClearStatusStage
                0x000000000000190a       0x3e obj_S60-X_lufa/protocol/lufa/LUFA-git/LUFA/Drivers/USB/Core/AVR8/Endpoint_AVR8.o
                0x000000000000190a                Endpoint_ClearStatusStage
 .text.Endpoint_WaitUntilReady
                0x0000000000001948       0x64 obj_S60-X_lufa/protocol/lufa/LUFA-git/LUFA/Drivers/USB/Core/AVR8/Endpoint_AVR8.o
                0x0000000000001948                Endpoint_WaitUntilReady
 .text.USB_Disable
                0x00000000000019ac       0x34 obj_S60-X_lufa/protocol/lufa/LUFA-git/LUFA/Drivers/USB/Core/AVR8/USBController_AVR8.o
                0x00000000000019ac                USB_Disable
 .text.USB_ResetInterface
                0x00000000000019e0       0x86 obj_S60-X_lufa/protocol/lufa/LUFA-git/LUFA/Drivers/USB/Core/AVR8/USBController_AVR8.o
                0x00000000000019e0                USB_ResetInterface
 .text.USB_Init
                0x0000000000001a66       0x22 obj_S60-X_lufa/protocol/lufa/LUFA-git/LUFA/Drivers/USB/Core/AVR8/USBController_AVR8.o
                0x0000000000001a66                USB_Init
 .text.USB_INT_DisableAllInterrupts
                0x0000000000001a88       0x10 obj_S60-X_lufa/protocol/lufa/LUFA-git/LUFA/Drivers/USB/Core/AVR8/USBInterrupt_AVR8.o
                0x0000000000001a88                USB_INT_DisableAllInterrupts
 .text.USB_INT_ClearAllInterrupts
                0x0000000000001a98        0xa obj_S60-X_lufa/protocol/lufa/LUFA-git/LUFA/Drivers/USB/Core/AVR8/USBInterrupt_AVR8.o
                0x0000000000001a98                USB_INT_ClearAllInterrupts
 .text.__vector_10
                0x0000000000001aa2      0x1a4 obj_S60-X_lufa/protocol/lufa/LUFA-git/LUFA/Drivers/USB/Core/AVR8/USBInterrupt_AVR8.o
                0x0000000000001aa2                __vector_10
 .text.__vector_11
                0x0000000000001c46       0x88 obj_S60-X_lufa/protocol/lufa/LUFA-git/LUFA/Drivers/USB/Core/AVR8/USBInterrupt_AVR8.o
                0x0000000000001c46                __vector_11
 .text.USB_Device_ProcessControlRequest
                0x0000000000001cce      0x2a2 obj_S60-X_lufa/protocol/lufa/LUFA-git/LUFA/Drivers/USB/Core/DeviceStandardReq.o
                0x0000000000001cce                USB_Device_ProcessControlRequest
 .text.host_set_driver
                0x0000000000001f70        0xa obj_S60-X_lufa/common/host.o
                0x0000000000001f70                host_set_driver
 .text.host_keyboard_leds
                0x0000000000001f7a       0x18 obj_S60-X_lufa/common/host.o
                0x0000000000001f7a                host_keyboard_leds
 .text.host_keyboard_send
                0x0000000000001f92       0x92 obj_S60-X_lufa/common/host.o
                0x0000000000001f92                host_keyboard_send
 .text.host_mouse_send
                0x0000000000002024       0x16 obj_S60-X_lufa/common/host.o
                0x0000000000002024                host_mouse_send
 .text.host_system_send
                0x000000000000203a       0x2c obj_S60-X_lufa/common/host.o
                0x000000000000203a                host_system_send
 .text.host_consumer_send
                0x0000000000002066       0x2c obj_S60-X_lufa/common/host.o
                0x0000000000002066                host_consumer_send
 .text.matrix_setup
                0x0000000000002092        0x2 obj_S60-X_lufa/common/keyboard.o
                0x0000000000002092                matrix_setup
 .text.keyboard_setup
                0x0000000000002094        0x4 obj_S60-X_lufa/common/keyboard.o
                0x0000000000002094                keyboard_setup
 .text.keyboard_init
                0x0000000000002098        0xc obj_S60-X_lufa/common/keyboard.o
                0x0000000000002098                keyboard_init
 .text.keyboard_set_leds
                0x00000000000020a4       0x50 obj_S60-X_lufa/common/keyboard.o
                0x00000000000020a4                keyboard_set_leds
 .text.keyboard_task
                0x00000000000020f4      0x172 obj_S60-X_lufa/common/keyboard.o
                0x00000000000020f4                keyboard_task
 .text.action_exec
                0x0000000000002266       0x5c obj_S60-X_lufa/common/action.o
                0x0000000000002266                action_exec
 .text.register_code
                0x00000000000022c2      0x1a6 obj_S60-X_lufa/common/action.o
                0x00000000000022c2                register_code
 .text.unregister_code
                0x0000000000002468       0x9e obj_S60-X_lufa/common/action.o
                0x0000000000002468                unregister_code
 .text.register_mods
                0x0000000000002506        0xe obj_S60-X_lufa/common/action.o
                0x0000000000002506                register_mods
 .text.unregister_mods
                0x0000000000002514        0xe obj_S60-X_lufa/common/action.o
                0x0000000000002514                unregister_mods
 .text.process_action
                0x0000000000002522      0x610 obj_S60-X_lufa/common/action.o
                0x0000000000002522                process_action
 .text.clear_keyboard_but_mods
                0x0000000000002b32       0x24 obj_S60-X_lufa/common/action.o
                0x0000000000002b32                clear_keyboard_but_mods
 .text.clear_keyboard
                0x0000000000002b56        0x8 obj_S60-X_lufa/common/action.o
                0x0000000000002b56                clear_keyboard
 .text.is_tap_key
                0x0000000000002b5e       0x4c obj_S60-X_lufa/common/action.o
                0x0000000000002b5e                is_tap_key
 .text.debug_event
                0x0000000000002baa       0x1e obj_S60-X_lufa/common/action.o
                0x0000000000002baa                debug_event
 .text.debug_record
                0x0000000000002bc8       0x20 obj_S60-X_lufa/common/action.o
                0x0000000000002bc8                debug_record
 .text.debug_waiting_buffer
                0x0000000000002be8       0x42 obj_S60-X_lufa/common/action_tapping.o
 .text.debug_tapping_key
                0x0000000000002c2a       0x1c obj_S60-X_lufa/common/action_tapping.o
 .text.waiting_buffer_scan_tap
                0x0000000000002c46       0xb6 obj_S60-X_lufa/common/action_tapping.o
 .text.process_tapping
                0x0000000000002cfc      0x38e obj_S60-X_lufa/common/action_tapping.o
 .text.action_tapping_process
                0x000000000000308a      0x148 obj_S60-X_lufa/common/action_tapping.o
                0x000000000000308a                action_tapping_process
 .text.action_macro_play
                0x00000000000031d2      0x13a obj_S60-X_lufa/common/action_macro.o
                0x00000000000031d2                action_macro_play
 .text.default_layer_debug
                0x000000000000330c        0x2 obj_S60-X_lufa/common/action_layer.o
                0x000000000000330c                default_layer_debug
 .text.default_layer_set
                0x000000000000330e       0x14 obj_S60-X_lufa/common/action_layer.o
                0x000000000000330e                default_layer_set
 .text.default_layer_or
                0x0000000000003322       0x38 obj_S60-X_lufa/common/action_layer.o
                0x0000000000003322                default_layer_or
 .text.default_layer_and
                0x000000000000335a       0x38 obj_S60-X_lufa/common/action_layer.o
                0x000000000000335a                default_layer_and
 .text.default_layer_xor
                0x0000000000003392       0x38 obj_S60-X_lufa/common/action_layer.o
                0x0000000000003392                default_layer_xor
 .text.layer_clear
                0x00000000000033ca       0x14 obj_S60-X_lufa/common/action_layer.o
                0x00000000000033ca                layer_clear
 .text.layer_move
                0x00000000000033de       0x2a obj_S60-X_lufa/common/action_layer.o
                0x00000000000033de                layer_move
 .text.layer_on
                0x0000000000003408       0x42 obj_S60-X_lufa/common/action_layer.o
                0x0000000000003408                layer_on
 .text.layer_off
                0x000000000000344a       0x4a obj_S60-X_lufa/common/action_layer.o
                0x000000000000344a                layer_off
 .text.layer_invert
                0x0000000000003494       0x42 obj_S60-X_lufa/common/action_layer.o
                0x0000000000003494                layer_invert
 .text.layer_or
                0x00000000000034d6       0x38 obj_S60-X_lufa/common/action_layer.o
                0x00000000000034d6                layer_or
 .text.layer_and
                0x000000000000350e       0x38 obj_S60-X_lufa/common/action_layer.o
                0x000000000000350e                layer_and
 .text.layer_xor
                0x0000000000003546       0x38 obj_S60-X_lufa/common/action_layer.o
                0x0000000000003546                layer_xor
 .text.layer_debug
                0x000000000000357e        0x2 obj_S60-X_lufa/common/action_layer.o
                0x000000000000357e                layer_debug
 .text.layer_switch_get_action
                0x0000000000003580       0x82 obj_S60-X_lufa/common/action_layer.o
                0x0000000000003580                layer_switch_get_action
 .text.add_key  0x0000000000003602       0x3a obj_S60-X_lufa/common/action_util.o
                0x0000000000003602                add_key
 .text.del_key  0x000000000000363c       0x22 obj_S60-X_lufa/common/action_util.o
                0x000000000000363c                del_key
 .text.clear_keys
                0x000000000000365e       0x1c obj_S60-X_lufa/common/action_util.o
                0x000000000000365e                clear_keys
 .text.get_mods
                0x000000000000367a        0x6 obj_S60-X_lufa/common/action_util.o
                0x000000000000367a                get_mods
 .text.add_mods
                0x0000000000003680        0xc obj_S60-X_lufa/common/action_util.o
                0x0000000000003680                add_mods
 .text.del_mods
                0x000000000000368c        0xe obj_S60-X_lufa/common/action_util.o
                0x000000000000368c                del_mods
 .text.set_mods
                0x000000000000369a        0x6 obj_S60-X_lufa/common/action_util.o
                0x000000000000369a                set_mods
 .text.clear_mods
                0x00000000000036a0        0x6 obj_S60-X_lufa/common/action_util.o
                0x00000000000036a0                clear_mods
 .text.add_weak_mods
                0x00000000000036a6        0xc obj_S60-X_lufa/common/action_util.o
                0x00000000000036a6                add_weak_mods
 .text.del_weak_mods
                0x00000000000036b2        0xe obj_S60-X_lufa/common/action_util.o
                0x00000000000036b2                del_weak_mods
 .text.clear_weak_mods
                0x00000000000036c0        0x6 obj_S60-X_lufa/common/action_util.o
                0x00000000000036c0                clear_weak_mods
 .text.set_oneshot_mods
                0x00000000000036c6        0x6 obj_S60-X_lufa/common/action_util.o
                0x00000000000036c6                set_oneshot_mods
 .text.clear_oneshot_mods
                0x00000000000036cc        0x6 obj_S60-X_lufa/common/action_util.o
                0x00000000000036cc                clear_oneshot_mods
 .text.has_anykey
                0x00000000000036d2       0x22 obj_S60-X_lufa/common/action_util.o
                0x00000000000036d2                has_anykey
 .text.send_keyboard_report
                0x00000000000036f4       0x4c obj_S60-X_lufa/common/action_util.o
                0x00000000000036f4                send_keyboard_report
 .text.print_set_sendchar
                0x0000000000003740        0xa obj_S60-X_lufa/common/print.o
                0x0000000000003740                print_set_sendchar
 .text.bitrev   0x000000000000374a       0x2c obj_S60-X_lufa/common/util.o
                0x000000000000374a                bitrev
 .text.bitrev16
                0x0000000000003776       0x34 obj_S60-X_lufa/common/util.o
                0x0000000000003776                bitrev16
 .text.suspend_power_down
                0x00000000000037aa       0x4c obj_S60-X_lufa/common/avr/suspend.o
                0x00000000000037aa                suspend_power_down
 .text.matrix_power_up
                0x00000000000037f6        0x2 obj_S60-X_lufa/common/avr/suspend.o
                0x00000000000037f6                matrix_power_up
 .text.matrix_power_down
                0x00000000000037f8        0x2 obj_S60-X_lufa/common/avr/suspend.o
                0x00000000000037f8                matrix_power_down
 .text.suspend_wakeup_condition
                0x00000000000037fa       0x2a obj_S60-X_lufa/common/avr/suspend.o
                0x00000000000037fa                suspend_wakeup_condition
 .text.suspend_wakeup_init
                0x0000000000003824        0x4 obj_S60-X_lufa/common/avr/suspend.o
                0x0000000000003824                suspend_wakeup_init
 .text.__vector_12
                0x0000000000003828       0x52 obj_S60-X_lufa/common/avr/suspend.o
                0x0000000000003828                __vector_12
 .text.timer_init
                0x000000000000387a       0x12 obj_S60-X_lufa/common/avr/timer.o
                0x000000000000387a                timer_init
 .text.timer_read
                0x000000000000388c       0x18 obj_S60-X_lufa/common/avr/timer.o
                0x000000000000388c                timer_read
 .text.timer_read32
                0x00000000000038a4       0x18 obj_S60-X_lufa/common/avr/timer.o
                0x00000000000038a4                timer_read32
 .text.timer_elapsed
                0x00000000000038bc       0x54 obj_S60-X_lufa/common/avr/timer.o
                0x00000000000038bc                timer_elapsed
 .text.__vector_21
                0x0000000000003910       0x4a obj_S60-X_lufa/common/avr/timer.o
                0x0000000000003910                __vector_21
 .text.bootloader_jump
                0x000000000000395a       0x44 obj_S60-X_lufa/common/avr/bootloader.o
                0x000000000000395a                bootloader_jump
 .text.keycode_to_action
                0x000000000000399e       0xb4 obj_S60-X_lufa/common/keymap.o
 .text.action_for_key
                0x0000000000003a52       0xe6 obj_S60-X_lufa/common/keymap.o
                0x0000000000003a52                action_for_key
 .text.action_get_macro
                0x0000000000003b38        0x6 obj_S60-X_lufa/common/keymap.o
                0x0000000000003b38                action_get_macro
 .text.action_function
                0x0000000000003b3e        0x2 obj_S60-X_lufa/common/keymap.o
                0x0000000000003b3e                action_function
 .text.scan_key
                0x0000000000003b40       0x90 obj_S60-X_lufa/common/bootmagic.o
 .text.bootmagic_scan_key
                0x0000000000003bd0       0x24 obj_S60-X_lufa/common/bootmagic.o
                0x0000000000003bd0                bootmagic_scan_key
 .text.bootmagic
                0x0000000000003bf4      0x28a obj_S60-X_lufa/common/bootmagic.o
                0x0000000000003bf4                bootmagic
 .text.eeconfig_init
                0x0000000000003e7e       0x34 obj_S60-X_lufa/common/avr/eeconfig.o
                0x0000000000003e7e                eeconfig_init
 .text.eeconfig_is_enabled
                0x0000000000003eb2       0x16 obj_S60-X_lufa/common/avr/eeconfig.o
                0x0000000000003eb2                eeconfig_is_enabled
 .text.eeconfig_read_debug
                0x0000000000003ec8        0x8 obj_S60-X_lufa/common/avr/eeconfig.o
                0x0000000000003ec8                eeconfig_read_debug
 .text.eeconfig_write_debug
                0x0000000000003ed0        0xa obj_S60-X_lufa/common/avr/eeconfig.o
                0x0000000000003ed0                eeconfig_write_debug
 .text.eeconfig_read_default_layer
                0x0000000000003eda        0x8 obj_S60-X_lufa/common/avr/eeconfig.o
                0x0000000000003eda                eeconfig_read_default_layer
 .text.eeconfig_write_default_layer
                0x0000000000003ee2        0xa obj_S60-X_lufa/common/avr/eeconfig.o
                0x0000000000003ee2                eeconfig_write_default_layer
 .text.eeconfig_read_keymap
                0x0000000000003eec        0x8 obj_S60-X_lufa/common/avr/eeconfig.o
                0x0000000000003eec                eeconfig_read_keymap
 .text.eeconfig_write_keymap
                0x0000000000003ef4        0xa obj_S60-X_lufa/common/avr/eeconfig.o
                0x0000000000003ef4                eeconfig_write_keymap
 .text.move_unit
                0x0000000000003efe       0x92 obj_S60-X_lufa/common/mousekey.o
 .text.wheel_unit
                0x0000000000003f90       0x72 obj_S60-X_lufa/common/mousekey.o
 .text.mousekey_on
                0x0000000000004002       0xd0 obj_S60-X_lufa/common/mousekey.o
                0x0000000000004002                mousekey_on
 .text.mousekey_off
                0x00000000000040d2      0x10a obj_S60-X_lufa/common/mousekey.o
                0x00000000000040d2                mousekey_off
 .text.mousekey_send
                0x00000000000041dc      0x11a obj_S60-X_lufa/common/mousekey.o
                0x00000000000041dc                mousekey_send
 .text.mousekey_task
                0x00000000000042f6      0x14c obj_S60-X_lufa/common/mousekey.o
                0x00000000000042f6                mousekey_task
 .text.mousekey_clear
                0x0000000000004442       0x18 obj_S60-X_lufa/common/mousekey.o
                0x0000000000004442                mousekey_clear
 .text.mousekey_console_help
                0x000000000000445a       0x2e obj_S60-X_lufa/common/command.o
 .text.mousekey_param_inc
                0x0000000000004488      0x146 obj_S60-X_lufa/common/command.o
 .text.mousekey_param_dec
                0x00000000000045ce       0xfc obj_S60-X_lufa/common/command.o
 .text.switch_default_layer
                0x00000000000046ca       0x40 obj_S60-X_lufa/common/command.o
 .text.command_common
                0x000000000000470a      0x4a4 obj_S60-X_lufa/common/command.o
 .text.command_extra
                0x0000000000004bae        0x4 obj_S60-X_lufa/common/command.o
                0x0000000000004bae                command_extra
 .text.command_console_extra
                0x0000000000004bb2        0x4 obj_S60-X_lufa/common/command.o
                0x0000000000004bb2                command_console_extra
 .text.command_proc
                0x0000000000004bb6      0x2aa obj_S60-X_lufa/common/command.o
                0x0000000000004bb6                command_proc
 .text.avr-libc.fplib
                0x0000000000004e60        0xa /usr/local/Cellar/avr-gcc/4.9.3/lib/gcc/avr/4.9.3/../../../../avr/lib/avr5/libm.a(fixsfsi.o)
                0x0000000000004e60                __fixsfsi
 .text.avr-libc.fplib
                0x0000000000004e6a       0x58 /usr/local/Cellar/avr-gcc/4.9.3/lib/gcc/avr/4.9.3/../../../../avr/lib/avr5/libm.a(fixunssfsi.o)
                0x0000000000004e6a                __fixunssfsi
 .text.avr-libc.fplib
                0x0000000000004ec2       0x7a /usr/local/Cellar/avr-gcc/4.9.3/lib/gcc/avr/4.9.3/../../../../avr/lib/avr5/libm.a(floatsisf.o)
                0x0000000000004ec2                __floatunsisf
                0x0000000000004ec6                __floatsisf
 .text.avr-libc.fplib
                0x0000000000004f3c       0x44 /usr/local/Cellar/avr-gcc/4.9.3/lib/gcc/avr/4.9.3/../../../../avr/lib/avr5/libm.a(fp_split3.o)
                0x0000000000004f3c                __fp_split3
                0x0000000000004f4c                __fp_splitA
 .text.avr-libc.fplib
                0x0000000000004f80        0xe /usr/local/Cellar/avr-gcc/4.9.3/lib/gcc/avr/4.9.3/../../../../avr/lib/avr5/libm.a(fp_zero.o)
                0x0000000000004f80                __fp_zero
                0x0000000000004f82                __fp_szero
 .text.avr-libc.fplib
                0x0000000000004f8e        0x4 /usr/local/Cellar/avr-gcc/4.9.3/lib/gcc/avr/4.9.3/../../../../avr/lib/avr5/libm.a(mulsf3.o)
                0x0000000000004f8e                __mulsf3
 .text.avr-libc.fplib
                0x0000000000004f92       0xc2 /usr/local/Cellar/avr-gcc/4.9.3/lib/gcc/avr/4.9.3/../../../../avr/lib/avr5/libm.a(mulsf3x.o)
                0x0000000000004fa6                __mulsf3x
                0x0000000000004faa                __mulsf3_pse
 .text.avr-libc.fplib
                0x0000000000005054        0xc /usr/local/Cellar/avr-gcc/4.9.3/lib/gcc/avr/4.9.3/../../../../avr/lib/avr5/libm.a(fp_inf.o)
                0x0000000000005054                __fp_inf
 .text.avr-libc.fplib
                0x0000000000005060        0x6 /usr/local/Cellar/avr-gcc/4.9.3/lib/gcc/avr/4.9.3/../../../../avr/lib/avr5/libm.a(fp_nan.o)
                0x0000000000005060                __fp_nan
 .text.avr-libc.fplib
                0x0000000000005066        0xe /usr/local/Cellar/avr-gcc/4.9.3/lib/gcc/avr/4.9.3/../../../../avr/lib/avr5/libm.a(fp_pscA.o)
                0x0000000000005066                __fp_pscA
 .text.avr-libc.fplib
                0x0000000000005074        0xe /usr/local/Cellar/avr-gcc/4.9.3/lib/gcc/avr/4.9.3/../../../../avr/lib/avr5/libm.a(fp_pscB.o)
                0x0000000000005074                __fp_pscB
 .text.avr-libc.fplib
                0x0000000000005082       0x22 /usr/local/Cellar/avr-gcc/4.9.3/lib/gcc/avr/4.9.3/../../../../avr/lib/avr5/libm.a(fp_round.o)
                0x0000000000005082                __fp_round
 .text.libgcc.div
                0x00000000000050a4       0x18 /usr/local/Cellar/avr-gcc/4.9.3/lib/gcc/avr/4.9.3/avr5/libgcc.a(_udivmodqi4.o)
                0x00000000000050a4                __udivmodqi4
 .text.libgcc.div
                0x00000000000050bc       0x28 /usr/local/Cellar/avr-gcc/4.9.3/lib/gcc/avr/4.9.3/avr5/libgcc.a(_divmodhi4.o)
                0x00000000000050bc                __divmodhi4
                0x00000000000050bc                _div
 .text.libgcc   0x00000000000050e4        0xc /usr/local/Cellar/avr-gcc/4.9.3/lib/gcc/avr/4.9.3/avr5/libgcc.a(_tablejump2.o)
                0x00000000000050e4                __tablejump2__
 .text.libgcc.div
                0x00000000000050f0       0x28 /usr/local/Cellar/avr-gcc/4.9.3/lib/gcc/avr/4.9.3/avr5/libgcc.a(_udivmodhi4.o)
                0x00000000000050f0                __udivmodhi4
 .text.avr-libc
                0x0000000000005118       0x10 /usr/local/Cellar/avr-gcc/4.9.3/lib/gcc/avr/4.9.3/../../../../avr/lib/avr5/libc.a(eerd_byte_atmega32u4.o)
                0x0000000000005118                __eerd_byte_m32u4
 .text.avr-libc
                0x0000000000005128        0xc /usr/local/Cellar/avr-gcc/4.9.3/lib/gcc/avr/4.9.3/../../../../avr/lib/avr5/libc.a(eerd_word_atmega32u4.o)
                0x0000000000005128                __eerd_word_m32u4
 .text.avr-libc
                0x0000000000005134       0x1c /usr/local/Cellar/avr-gcc/4.9.3/lib/gcc/avr/4.9.3/../../../../avr/lib/avr5/libc.a(eewr_byte_atmega32u4.o)
                0x0000000000005134                __eewr_byte_m32u4
                0x0000000000005136                __eewr_r18_m32u4
 .text.avr-libc
                0x0000000000005150        0xa /usr/local/Cellar/avr-gcc/4.9.3/lib/gcc/avr/4.9.3/../../../../avr/lib/avr5/libc.a(eewr_word_atmega32u4.o)
                0x0000000000005150                __eewr_word_m32u4
 .text.avr-libc
                0x000000000000515a       0x20 /usr/local/Cellar/avr-gcc/4.9.3/lib/gcc/avr/4.9.3/../../../../avr/lib/avr5/libc.a(eerd_block_atmega32u4.o)
                0x000000000000515a                __eerd_block_m32u4
                0x000000000000515e                __eerd_blraw_m32u4
                0x000000000000517a                . = ALIGN (0x2)
 *(.fini9)
 .fini9         0x000000000000517a        0x0 /usr/local/Cellar/avr-gcc/4.9.3/lib/gcc/avr/4.9.3/avr5/libgcc.a(_exit.o)
                0x000000000000517a                exit
                0x000000000000517a                _exit
 *(.fini9)
 *(.fini8)
 *(.fini8)
 *(.fini7)
 *(.fini7)
 *(.fini6)
 *(.fini6)
 *(.fini5)
 *(.fini5)
 *(.fini4)
 *(.fini4)
 *(.fini3)
 *(.fini3)
 *(.fini2)
 *(.fini2)
 *(.fini1)
 *(.fini1)
 *(.fini0)
 .fini0         0x000000000000517a        0x4 /usr/local/Cellar/avr-gcc/4.9.3/lib/gcc/avr/4.9.3/avr5/libgcc.a(_exit.o)
 *(.fini0)
                0x000000000000517e                _etext = .

.data           0x0000000000800100       0x32 load address 0x000000000000517e
                0x0000000000800100                PROVIDE (__data_start, .)
 *(.data)
 *(.data*)
 .data.debouncing
                0x0000000000800100        0x1 obj_S60-X_lufa/matrix.o
 .data.lufa_driver
                0x0000000000800101        0xa obj_S60-X_lufa/protocol/lufa/lufa.o
                0x0000000000800101                lufa_driver
 .data.keyboard_protocol
                0x000000000080010b        0x1 obj_S60-X_lufa/protocol/lufa/lufa.o
                0x000000000080010b                keyboard_protocol
 .data.keyboard_report
                0x000000000080010c        0x2 obj_S60-X_lufa/common/action_util.o
                0x000000000080010c                keyboard_report
 .data.mk_wheel_time_to_max
                0x000000000080010e        0x1 obj_S60-X_lufa/common/mousekey.o
                0x000000000080010e                mk_wheel_time_to_max
 .data.mk_wheel_max_speed
                0x000000000080010f        0x1 obj_S60-X_lufa/common/mousekey.o
                0x000000000080010f                mk_wheel_max_speed
 .data.mk_time_to_max
                0x0000000000800110        0x1 obj_S60-X_lufa/common/mousekey.o
                0x0000000000800110                mk_time_to_max
 .data.mk_max_speed
                0x0000000000800111        0x1 obj_S60-X_lufa/common/mousekey.o
                0x0000000000800111                mk_max_speed
 .data.mk_interval
                0x0000000000800112        0x1 obj_S60-X_lufa/common/mousekey.o
                0x0000000000800112                mk_interval
 .data.mk_delay
                0x0000000000800113        0x1 obj_S60-X_lufa/common/mousekey.o
                0x0000000000800113                mk_delay
 *(.rodata)
 *(.rodata*)
 .rodata.CSWTCH.3
                0x0000000000800114        0x4 obj_S60-X_lufa/protocol/lufa/descriptor.o
 .rodata.CSWTCH.2
                0x0000000000800118        0x8 obj_S60-X_lufa/protocol/lufa/descriptor.o
 .rodata.CSWTCH.1
                0x0000000000800120        0x8 obj_S60-X_lufa/protocol/lufa/descriptor.o
 .rodata.CSWTCH.41
                0x0000000000800128        0xa obj_S60-X_lufa/common/command.o
 *(.gnu.linkonce.d*)
                0x0000000000800132                . = ALIGN (0x2)
                0x0000000000800132                _edata = .
                0x0000000000800132                PROVIDE (__data_end, .)

.bss            0x0000000000800132       0x9e
                0x0000000000800132                PROVIDE (__bss_start, .)
 *(.bss)
 .bss           0x0000000000800132        0x2 obj_S60-X_lufa/common/avr/xprintf.o
                0x0000000000800132                xfunc_out
 *(.bss*)
 .bss.matrix_debouncing
                0x0000000000800134        0xa obj_S60-X_lufa/matrix.o
 .bss.matrix    0x000000000080013e        0xa obj_S60-X_lufa/matrix.o
 .bss.timeouted.4813
                0x0000000000800148        0x1 obj_S60-X_lufa/protocol/lufa/lufa.o
 .bss.count.4747
                0x0000000000800149        0x1 obj_S60-X_lufa/protocol/lufa/lufa.o
 .bss.console_flush
                0x000000000080014a        0x1 obj_S60-X_lufa/protocol/lufa/lufa.o
 .bss.keyboard_report_sent
                0x000000000080014b        0x8 obj_S60-X_lufa/protocol/lufa/lufa.o
 .bss.keyboard_led_stats
                0x0000000000800153        0x1 obj_S60-X_lufa/protocol/lufa/lufa.o
 .bss.keyboard_idle
                0x0000000000800154        0x1 obj_S60-X_lufa/protocol/lufa/lufa.o
                0x0000000000800154                keyboard_idle
 .bss.last_consumer_report
                0x0000000000800155        0x2 obj_S60-X_lufa/common/host.o
 .bss.last_system_report
                0x0000000000800157        0x2 obj_S60-X_lufa/common/host.o
 .bss.driver    0x0000000000800159        0x2 obj_S60-X_lufa/common/host.o
 .bss.led_status.2362
                0x000000000080015b        0x1 obj_S60-X_lufa/common/keyboard.o
 .bss.matrix_prev.2361
                0x000000000080015c        0xa obj_S60-X_lufa/common/keyboard.o
 .bss.waiting_buffer_tail
                0x0000000000800166        0x1 obj_S60-X_lufa/common/action_tapping.o
 .bss.waiting_buffer_head
                0x0000000000800167        0x1 obj_S60-X_lufa/common/action_tapping.o
 .bss.waiting_buffer
                0x0000000000800168       0x30 obj_S60-X_lufa/common/action_tapping.o
 .bss.tapping_key
                0x0000000000800198        0x6 obj_S60-X_lufa/common/action_tapping.o
 .bss.layer_state
                0x000000000080019e        0x4 obj_S60-X_lufa/common/action_layer.o
                0x000000000080019e                layer_state
 .bss.default_layer_state
                0x00000000008001a2        0x4 obj_S60-X_lufa/common/action_layer.o
                0x00000000008001a2                default_layer_state
 .bss.oneshot_mods
                0x00000000008001a6        0x1 obj_S60-X_lufa/common/action_util.o
 .bss.__compound_literal.0
                0x00000000008001a7        0x8 obj_S60-X_lufa/common/action_util.o
 .bss.weak_mods
                0x00000000008001af        0x1 obj_S60-X_lufa/common/action_util.o
 .bss.real_mods
                0x00000000008001b0        0x1 obj_S60-X_lufa/common/action_util.o
 .bss.debug_config
                0x00000000008001b1        0x1 obj_S60-X_lufa/common/debug.o
                0x00000000008001b1                debug_config
 .bss.wdt_timeout
                0x00000000008001b2        0x1 obj_S60-X_lufa/common/avr/suspend.o
 .bss.timer_count
                0x00000000008001b3        0x4 obj_S60-X_lufa/common/avr/timer.o
                0x00000000008001b3                timer_count
 .bss.last_timer
                0x00000000008001b7        0x2 obj_S60-X_lufa/common/mousekey.o
 .bss.mousekey_accel
                0x00000000008001b9        0x1 obj_S60-X_lufa/common/mousekey.o
 .bss.mousekey_repeat
                0x00000000008001ba        0x1 obj_S60-X_lufa/common/mousekey.o
 .bss.mouse_report
                0x00000000008001bb        0x5 obj_S60-X_lufa/common/mousekey.o
 .bss.mousekey_param
                0x00000000008001c0        0x1 obj_S60-X_lufa/common/command.o
 .bss.command_state
                0x00000000008001c1        0x1 obj_S60-X_lufa/common/command.o
                0x00000000008001c1                command_state
 *(COMMON)
 COMMON         0x00000000008001c2        0x3 obj_S60-X_lufa/protocol/lufa/LUFA-git/LUFA/Drivers/USB/Core/DeviceStandardReq.o
                0x00000000008001c2                USB_Device_ConfigurationNumber
                0x00000000008001c3                USB_Device_CurrentlySelfPowered
                0x00000000008001c4                USB_Device_RemoteWakeupEnabled
 COMMON         0x00000000008001c5        0xa obj_S60-X_lufa/protocol/lufa/LUFA-git/LUFA/Drivers/USB/Core/USBTask.o
                0x00000000008001c5                USB_IsInitialized
                0x00000000008001c6                USB_DeviceState
                0x00000000008001c7                USB_ControlRequest
 COMMON         0x00000000008001cf        0x1 obj_S60-X_lufa/common/bootmagic.o
                0x00000000008001cf                keymap_config
                0x00000000008001d0                PROVIDE (__bss_end, .)
                0x000000000000517e                __data_load_start = LOADADDR (.data)
                0x00000000000051b0                __data_load_end = (__data_load_start + SIZEOF (.data))

.noinit         0x00000000008001d0        0x4
                0x00000000008001d0                PROVIDE (__noinit_start, .)
 *(.noinit*)
 .noinit        0x00000000008001d0        0x4 obj_S60-X_lufa/common/avr/bootloader.o
                0x00000000008001d0                reset_key
                0x00000000008001d4                PROVIDE (__noinit_end, .)
                0x00000000008001d4                _end = .
                0x00000000008001d4                PROVIDE (__heap_start, .)

.eeprom         0x0000000000810000        0x0
 *(.eeprom*)
                0x0000000000810000                __eeprom_end = .

.fuse
 *(.fuse)
 *(.lfuse)
 *(.hfuse)
 *(.efuse)

.lock
 *(.lock*)

.signature
 *(.signature*)

.stab           0x0000000000000000      0xec4
 *(.stab)
 .stab          0x0000000000000000      0x8b8 obj_S60-X_lufa/common/avr/xprintf.o
 .stab          0x00000000000008b8       0xe4 /usr/local/Cellar/avr-gcc/4.9.3/lib/gcc/avr/4.9.3/avr5/libgcc.a(_udivmodqi4.o)
                                         0xf0 (size before relaxing)
 .stab          0x000000000000099c      0x138 /usr/local/Cellar/avr-gcc/4.9.3/lib/gcc/avr/4.9.3/avr5/libgcc.a(_divmodhi4.o)
                                        0x144 (size before relaxing)
 .stab          0x0000000000000ad4       0x6c /usr/local/Cellar/avr-gcc/4.9.3/lib/gcc/avr/4.9.3/avr5/libgcc.a(_exit.o)
                                         0x78 (size before relaxing)
 .stab          0x0000000000000b40       0x9c /usr/local/Cellar/avr-gcc/4.9.3/lib/gcc/avr/4.9.3/avr5/libgcc.a(_tablejump2.o)
                                         0xa8 (size before relaxing)
 .stab          0x0000000000000bdc       0xd8 /usr/local/Cellar/avr-gcc/4.9.3/lib/gcc/avr/4.9.3/avr5/libgcc.a(_copy_data.o)
                                         0xe4 (size before relaxing)
 .stab          0x0000000000000cb4       0xb4 /usr/local/Cellar/avr-gcc/4.9.3/lib/gcc/avr/4.9.3/avr5/libgcc.a(_clear_bss.o)
                                         0xc0 (size before relaxing)
 .stab          0x0000000000000d68      0x15c /usr/local/Cellar/avr-gcc/4.9.3/lib/gcc/avr/4.9.3/avr5/libgcc.a(_udivmodhi4.o)
                                        0x168 (size before relaxing)

.stabstr        0x0000000000000000      0x2e3
 *(.stabstr)
 .stabstr       0x0000000000000000      0x2e3 obj_S60-X_lufa/common/avr/xprintf.o

.stab.excl
 *(.stab.excl)

.stab.exclstr
 *(.stab.exclstr)

.stab.index
 *(.stab.index)

.stab.indexstr
 *(.stab.indexstr)

.comment        0x0000000000000000       0x11
 *(.comment)
 .comment       0x0000000000000000       0x11 obj_S60-X_lufa/keymap_tachk.o
                                         0x12 (size before relaxing)
 .comment       0x0000000000000011       0x12 obj_S60-X_lufa/keymap_common.o
 .comment       0x0000000000000011       0x12 obj_S60-X_lufa/matrix.o
 .comment       0x0000000000000011       0x12 obj_S60-X_lufa/led.o
 .comment       0x0000000000000011       0x12 obj_S60-X_lufa/protocol/lufa/lufa.o
 .comment       0x0000000000000011       0x12 obj_S60-X_lufa/protocol/lufa/descriptor.o
 .comment       0x0000000000000011       0x12 obj_S60-X_lufa/protocol/lufa/LUFA-git/LUFA/Drivers/USB/Core/AVR8/Device_AVR8.o
 .comment       0x0000000000000011       0x12 obj_S60-X_lufa/protocol/lufa/LUFA-git/LUFA/Drivers/USB/Core/AVR8/EndpointStream_AVR8.o
 .comment       0x0000000000000011       0x12 obj_S60-X_lufa/protocol/lufa/LUFA-git/LUFA/Drivers/USB/Core/AVR8/Endpoint_AVR8.o
 .comment       0x0000000000000011       0x12 obj_S60-X_lufa/protocol/lufa/LUFA-git/LUFA/Drivers/USB/Core/AVR8/USBController_AVR8.o
 .comment       0x0000000000000011       0x12 obj_S60-X_lufa/protocol/lufa/LUFA-git/LUFA/Drivers/USB/Core/AVR8/USBInterrupt_AVR8.o
 .comment       0x0000000000000011       0x12 obj_S60-X_lufa/protocol/lufa/LUFA-git/LUFA/Drivers/USB/Core/DeviceStandardReq.o
 .comment       0x0000000000000011       0x12 obj_S60-X_lufa/protocol/lufa/LUFA-git/LUFA/Drivers/USB/Core/USBTask.o
 .comment       0x0000000000000011       0x12 obj_S60-X_lufa/common/host.o
 .comment       0x0000000000000011       0x12 obj_S60-X_lufa/common/keyboard.o
 .comment       0x0000000000000011       0x12 obj_S60-X_lufa/common/action.o
 .comment       0x0000000000000011       0x12 obj_S60-X_lufa/common/action_tapping.o
 .comment       0x0000000000000011       0x12 obj_S60-X_lufa/common/action_macro.o
 .comment       0x0000000000000011       0x12 obj_S60-X_lufa/common/action_layer.o
 .comment       0x0000000000000011       0x12 obj_S60-X_lufa/common/action_util.o
 .comment       0x0000000000000011       0x12 obj_S60-X_lufa/common/print.o
 .comment       0x0000000000000011       0x12 obj_S60-X_lufa/common/debug.o
 .comment       0x0000000000000011       0x12 obj_S60-X_lufa/common/util.o
 .comment       0x0000000000000011       0x12 obj_S60-X_lufa/common/avr/suspend.o
 .comment       0x0000000000000011       0x12 obj_S60-X_lufa/common/avr/timer.o
 .comment       0x0000000000000011       0x12 obj_S60-X_lufa/common/avr/bootloader.o
 .comment       0x0000000000000011       0x12 obj_S60-X_lufa/common/keymap.o
 .comment       0x0000000000000011       0x12 obj_S60-X_lufa/common/bootmagic.o
 .comment       0x0000000000000011       0x12 obj_S60-X_lufa/common/avr/eeconfig.o
 .comment       0x0000000000000011       0x12 obj_S60-X_lufa/common/mousekey.o
 .comment       0x0000000000000011       0x12 obj_S60-X_lufa/common/command.o

.note.gnu.build-id
 *(.note.gnu.build-id)

.debug
 *(.debug)

.line
 *(.line)

.debug_srcinfo
 *(.debug_srcinfo)

.debug_sfnames
 *(.debug_sfnames)

.debug_aranges  0x0000000000000000      0x8d8
 *(.debug_aranges)
 .debug_aranges
                0x0000000000000000       0x18 obj_S60-X_lufa/keymap_tachk.o
 .debug_aranges
                0x0000000000000018       0x28 obj_S60-X_lufa/keymap_common.o
 .debug_aranges
                0x0000000000000040       0x68 obj_S60-X_lufa/matrix.o
 .debug_aranges
                0x00000000000000a8       0x20 obj_S60-X_lufa/led.o
 .debug_aranges
                0x00000000000000c8       0x90 obj_S60-X_lufa/protocol/lufa/lufa.o
 .debug_aranges
                0x0000000000000158       0x20 obj_S60-X_lufa/protocol/lufa/descriptor.o
 .debug_aranges
                0x0000000000000178       0x20 obj_S60-X_lufa/protocol/lufa/LUFA-git/LUFA/Drivers/USB/Core/AVR8/Device_AVR8.o
 .debug_aranges
                0x0000000000000198       0xc8 obj_S60-X_lufa/protocol/lufa/LUFA-git/LUFA/Drivers/USB/Core/AVR8/EndpointStream_AVR8.o
 .debug_aranges
                0x0000000000000260       0x40 obj_S60-X_lufa/protocol/lufa/LUFA-git/LUFA/Drivers/USB/Core/AVR8/Endpoint_AVR8.o
 .debug_aranges
                0x00000000000002a0       0x30 obj_S60-X_lufa/protocol/lufa/LUFA-git/LUFA/Drivers/USB/Core/AVR8/USBController_AVR8.o
 .debug_aranges
                0x00000000000002d0       0x38 obj_S60-X_lufa/protocol/lufa/LUFA-git/LUFA/Drivers/USB/Core/AVR8/USBInterrupt_AVR8.o
 .debug_aranges
                0x0000000000000308       0x20 obj_S60-X_lufa/protocol/lufa/LUFA-git/LUFA/Drivers/USB/Core/DeviceStandardReq.o
 .debug_aranges
                0x0000000000000328       0x20 obj_S60-X_lufa/protocol/lufa/LUFA-git/LUFA/Drivers/USB/Core/USBTask.o
 .debug_aranges
                0x0000000000000348       0x60 obj_S60-X_lufa/common/host.o
 .debug_aranges
                0x00000000000003a8       0x40 obj_S60-X_lufa/common/keyboard.o
 .debug_aranges
                0x00000000000003e8       0x78 obj_S60-X_lufa/common/action.o
 .debug_aranges
                0x0000000000000460       0x40 obj_S60-X_lufa/common/action_tapping.o
 .debug_aranges
                0x00000000000004a0       0x20 obj_S60-X_lufa/common/action_macro.o
 .debug_aranges
                0x00000000000004c0       0x90 obj_S60-X_lufa/common/action_layer.o
 .debug_aranges
                0x0000000000000550       0xb0 obj_S60-X_lufa/common/action_util.o
 .debug_aranges
                0x0000000000000600       0x20 obj_S60-X_lufa/common/print.o
 .debug_aranges
                0x0000000000000620       0x18 obj_S60-X_lufa/common/debug.o
 .debug_aranges
                0x0000000000000638       0x60 obj_S60-X_lufa/common/util.o
 .debug_aranges
                0x0000000000000698       0x50 obj_S60-X_lufa/common/avr/suspend.o
 .debug_aranges
                0x00000000000006e8       0x50 obj_S60-X_lufa/common/avr/timer.o
 .debug_aranges
                0x0000000000000738       0x28 obj_S60-X_lufa/common/avr/bootloader.o
 .debug_aranges
                0x0000000000000760       0x38 obj_S60-X_lufa/common/keymap.o
 .debug_aranges
                0x0000000000000798       0x30 obj_S60-X_lufa/common/bootmagic.o
 .debug_aranges
                0x00000000000007c8       0x68 obj_S60-X_lufa/common/avr/eeconfig.o
 .debug_aranges
                0x0000000000000830       0x50 obj_S60-X_lufa/common/mousekey.o
 .debug_aranges
                0x0000000000000880       0x58 obj_S60-X_lufa/common/command.o

.debug_pubnames
 *(.debug_pubnames)

.debug_info     0x0000000000000000     0xfcec
 *(.debug_info .gnu.linkonce.wi.*)
 .debug_info    0x0000000000000000      0x9f4 /usr/local/Cellar/avr-gcc/4.9.3/lib/gcc/avr/4.9.3/../../../../avr/lib/avr5/crtm32u4.o
 .debug_info    0x00000000000009f4      0x836 obj_S60-X_lufa/keymap_tachk.o
 .debug_info    0x000000000000122a      0x64d obj_S60-X_lufa/keymap_common.o
 .debug_info    0x0000000000001877      0x557 obj_S60-X_lufa/matrix.o
 .debug_info    0x0000000000001dce       0x91 obj_S60-X_lufa/led.o
 .debug_info    0x0000000000001e5f     0x1435 obj_S60-X_lufa/protocol/lufa/lufa.o
 .debug_info    0x0000000000003294      0x7c6 obj_S60-X_lufa/protocol/lufa/descriptor.o
 .debug_info    0x0000000000003a5a       0xd2 obj_S60-X_lufa/protocol/lufa/LUFA-git/LUFA/Drivers/USB/Core/AVR8/Device_AVR8.o
 .debug_info    0x0000000000003b2c     0x17d8 obj_S60-X_lufa/protocol/lufa/LUFA-git/LUFA/Drivers/USB/Core/AVR8/EndpointStream_AVR8.o
 .debug_info    0x0000000000005304      0x614 obj_S60-X_lufa/protocol/lufa/LUFA-git/LUFA/Drivers/USB/Core/AVR8/Endpoint_AVR8.o
 .debug_info    0x0000000000005918      0x4cb obj_S60-X_lufa/protocol/lufa/LUFA-git/LUFA/Drivers/USB/Core/AVR8/USBController_AVR8.o
 .debug_info    0x0000000000005de3      0x7c8 obj_S60-X_lufa/protocol/lufa/LUFA-git/LUFA/Drivers/USB/Core/AVR8/USBInterrupt_AVR8.o
 .debug_info    0x00000000000065ab      0xa57 obj_S60-X_lufa/protocol/lufa/LUFA-git/LUFA/Drivers/USB/Core/DeviceStandardReq.o
 .debug_info    0x0000000000007002      0x26b obj_S60-X_lufa/protocol/lufa/LUFA-git/LUFA/Drivers/USB/Core/USBTask.o
 .debug_info    0x000000000000726d      0x4e2 obj_S60-X_lufa/common/host.o
 .debug_info    0x000000000000774f      0x467 obj_S60-X_lufa/common/keyboard.o
 .debug_info    0x0000000000007bb6     0x15f5 obj_S60-X_lufa/common/action.o
 .debug_info    0x00000000000091ab      0xe03 obj_S60-X_lufa/common/action_tapping.o
 .debug_info    0x0000000000009fae      0x88b obj_S60-X_lufa/common/action_macro.o
 .debug_info    0x000000000000a839      0x824 obj_S60-X_lufa/common/action_layer.o
 .debug_info    0x000000000000b05d      0x4fe obj_S60-X_lufa/common/action_util.o
 .debug_info    0x000000000000b55b       0xda obj_S60-X_lufa/common/print.o
 .debug_info    0x000000000000b635       0xfc obj_S60-X_lufa/common/debug.o
 .debug_info    0x000000000000b731      0x29b obj_S60-X_lufa/common/util.o
 .debug_info    0x000000000000b9cc      0x275 obj_S60-X_lufa/common/avr/suspend.o
 .debug_info    0x000000000000bc41      0x204 obj_S60-X_lufa/common/avr/timer.o
 .debug_info    0x000000000000be45      0x18a obj_S60-X_lufa/common/avr/bootloader.o
 .debug_info    0x000000000000bfcf      0xe2b obj_S60-X_lufa/common/keymap.o
 .debug_info    0x000000000000cdfa      0xf49 obj_S60-X_lufa/common/bootmagic.o
 .debug_info    0x000000000000dd43      0x3cf obj_S60-X_lufa/common/avr/eeconfig.o
 .debug_info    0x000000000000e112      0x7b4 obj_S60-X_lufa/common/mousekey.o
 .debug_info    0x000000000000e8c6     0x1426 obj_S60-X_lufa/common/command.o

.debug_abbrev   0x0000000000000000     0x41a7
 *(.debug_abbrev)
 .debug_abbrev  0x0000000000000000      0x96a /usr/local/Cellar/avr-gcc/4.9.3/lib/gcc/avr/4.9.3/../../../../avr/lib/avr5/crtm32u4.o
 .debug_abbrev  0x000000000000096a       0x84 obj_S60-X_lufa/keymap_tachk.o
 .debug_abbrev  0x00000000000009ee      0x15b obj_S60-X_lufa/keymap_common.o
 .debug_abbrev  0x0000000000000b49      0x2ea obj_S60-X_lufa/matrix.o
 .debug_abbrev  0x0000000000000e33       0x60 obj_S60-X_lufa/led.o
 .debug_abbrev  0x0000000000000e93      0x495 obj_S60-X_lufa/protocol/lufa/lufa.o
 .debug_abbrev  0x0000000000001328      0x177 obj_S60-X_lufa/protocol/lufa/descriptor.o
 .debug_abbrev  0x000000000000149f       0x80 obj_S60-X_lufa/protocol/lufa/LUFA-git/LUFA/Drivers/USB/Core/AVR8/Device_AVR8.o
 .debug_abbrev  0x000000000000151f      0x204 obj_S60-X_lufa/protocol/lufa/LUFA-git/LUFA/Drivers/USB/Core/AVR8/EndpointStream_AVR8.o
 .debug_abbrev  0x0000000000001723      0x213 obj_S60-X_lufa/protocol/lufa/LUFA-git/LUFA/Drivers/USB/Core/AVR8/Endpoint_AVR8.o
 .debug_abbrev  0x0000000000001936      0x196 obj_S60-X_lufa/protocol/lufa/LUFA-git/LUFA/Drivers/USB/Core/AVR8/USBController_AVR8.o
 .debug_abbrev  0x0000000000001acc      0x23e obj_S60-X_lufa/protocol/lufa/LUFA-git/LUFA/Drivers/USB/Core/AVR8/USBInterrupt_AVR8.o
 .debug_abbrev  0x0000000000001d0a      0x2c9 obj_S60-X_lufa/protocol/lufa/LUFA-git/LUFA/Drivers/USB/Core/DeviceStandardReq.o
 .debug_abbrev  0x0000000000001fd3      0x168 obj_S60-X_lufa/protocol/lufa/LUFA-git/LUFA/Drivers/USB/Core/USBTask.o
 .debug_abbrev  0x000000000000213b      0x204 obj_S60-X_lufa/common/host.o
 .debug_abbrev  0x000000000000233f      0x203 obj_S60-X_lufa/common/keyboard.o
 .debug_abbrev  0x0000000000002542      0x2b6 obj_S60-X_lufa/common/action.o
 .debug_abbrev  0x00000000000027f8      0x2d7 obj_S60-X_lufa/common/action_tapping.o
 .debug_abbrev  0x0000000000002acf      0x18d obj_S60-X_lufa/common/action_macro.o
 .debug_abbrev  0x0000000000002c5c      0x213 obj_S60-X_lufa/common/action_layer.o
 .debug_abbrev  0x0000000000002e6f      0x246 obj_S60-X_lufa/common/action_util.o
 .debug_abbrev  0x00000000000030b5       0x97 obj_S60-X_lufa/common/print.o
 .debug_abbrev  0x000000000000314c       0x87 obj_S60-X_lufa/common/debug.o
 .debug_abbrev  0x00000000000031d3       0xcb obj_S60-X_lufa/common/util.o
 .debug_abbrev  0x000000000000329e      0x1ab obj_S60-X_lufa/common/avr/suspend.o
 .debug_abbrev  0x0000000000003449      0x11e obj_S60-X_lufa/common/avr/timer.o
 .debug_abbrev  0x0000000000003567      0x115 obj_S60-X_lufa/common/avr/bootloader.o
 .debug_abbrev  0x000000000000367c      0x27a obj_S60-X_lufa/common/keymap.o
 .debug_abbrev  0x00000000000038f6      0x2a3 obj_S60-X_lufa/common/bootmagic.o
 .debug_abbrev  0x0000000000003b99       0xef obj_S60-X_lufa/common/avr/eeconfig.o
 .debug_abbrev  0x0000000000003c88      0x1fd obj_S60-X_lufa/common/mousekey.o
 .debug_abbrev  0x0000000000003e85      0x322 obj_S60-X_lufa/common/command.o

.debug_line     0x0000000000000000     0x4e7b
 *(.debug_line .debug_line.* .debug_line_end)
 .debug_line    0x0000000000000000       0x1d /usr/local/Cellar/avr-gcc/4.9.3/lib/gcc/avr/4.9.3/../../../../avr/lib/avr5/crtm32u4.o
 .debug_line    0x000000000000001d       0x9b obj_S60-X_lufa/keymap_tachk.o
 .debug_line    0x00000000000000b8       0xdf obj_S60-X_lufa/keymap_common.o
 .debug_line    0x0000000000000197      0x269 obj_S60-X_lufa/matrix.o
 .debug_line    0x0000000000000400       0x6d obj_S60-X_lufa/led.o
 .debug_line    0x000000000000046d      0x75b obj_S60-X_lufa/protocol/lufa/lufa.o
 .debug_line    0x0000000000000bc8      0x202 obj_S60-X_lufa/protocol/lufa/descriptor.o
 .debug_line    0x0000000000000dca      0x142 obj_S60-X_lufa/protocol/lufa/LUFA-git/LUFA/Drivers/USB/Core/AVR8/Device_AVR8.o
 .debug_line    0x0000000000000f0c      0xbb0 obj_S60-X_lufa/protocol/lufa/LUFA-git/LUFA/Drivers/USB/Core/AVR8/EndpointStream_AVR8.o
 .debug_line    0x0000000000001abc      0x405 obj_S60-X_lufa/protocol/lufa/LUFA-git/LUFA/Drivers/USB/Core/AVR8/Endpoint_AVR8.o
 .debug_line    0x0000000000001ec1      0x30c obj_S60-X_lufa/protocol/lufa/LUFA-git/LUFA/Drivers/USB/Core/AVR8/USBController_AVR8.o
 .debug_line    0x00000000000021cd      0x4e5 obj_S60-X_lufa/protocol/lufa/LUFA-git/LUFA/Drivers/USB/Core/AVR8/USBInterrupt_AVR8.o
 .debug_line    0x00000000000026b2      0x393 obj_S60-X_lufa/protocol/lufa/LUFA-git/LUFA/Drivers/USB/Core/DeviceStandardReq.o
 .debug_line    0x0000000000002a45      0x1ad obj_S60-X_lufa/protocol/lufa/LUFA-git/LUFA/Drivers/USB/Core/USBTask.o
 .debug_line    0x0000000000002bf2      0x196 obj_S60-X_lufa/common/host.o
 .debug_line    0x0000000000002d88      0x1c0 obj_S60-X_lufa/common/keyboard.o
 .debug_line    0x0000000000002f48      0x440 obj_S60-X_lufa/common/action.o
 .debug_line    0x0000000000003388      0x2ac obj_S60-X_lufa/common/action_tapping.o
 .debug_line    0x0000000000003634      0x14d obj_S60-X_lufa/common/action_macro.o
 .debug_line    0x0000000000003781      0x1f6 obj_S60-X_lufa/common/action_layer.o
 .debug_line    0x0000000000003977      0x215 obj_S60-X_lufa/common/action_util.o
 .debug_line    0x0000000000003b8c       0xad obj_S60-X_lufa/common/print.o
 .debug_line    0x0000000000003c39       0x81 obj_S60-X_lufa/common/debug.o
 .debug_line    0x0000000000003cba      0x193 obj_S60-X_lufa/common/util.o
 .debug_line    0x0000000000003e4d      0x1e1 obj_S60-X_lufa/common/avr/suspend.o
 .debug_line    0x000000000000402e      0x125 obj_S60-X_lufa/common/avr/timer.o
 .debug_line    0x0000000000004153      0x19e obj_S60-X_lufa/common/avr/bootloader.o
 .debug_line    0x00000000000042f1      0x1d1 obj_S60-X_lufa/common/keymap.o
 .debug_line    0x00000000000044c2      0x23f obj_S60-X_lufa/common/bootmagic.o
 .debug_line    0x0000000000004701      0x15c obj_S60-X_lufa/common/avr/eeconfig.o
 .debug_line    0x000000000000485d      0x305 obj_S60-X_lufa/common/mousekey.o
 .debug_line    0x0000000000004b62      0x319 obj_S60-X_lufa/common/command.o

.debug_frame    0x0000000000000000     0x18d0
 *(.debug_frame)
 .debug_frame   0x0000000000000000       0x34 obj_S60-X_lufa/keymap_common.o
 .debug_frame   0x0000000000000034      0x154 obj_S60-X_lufa/matrix.o
 .debug_frame   0x0000000000000188       0x24 obj_S60-X_lufa/led.o
 .debug_frame   0x00000000000001ac      0x138 obj_S60-X_lufa/protocol/lufa/lufa.o
 .debug_frame   0x00000000000002e4       0x24 obj_S60-X_lufa/protocol/lufa/descriptor.o
 .debug_frame   0x0000000000000308       0x24 obj_S60-X_lufa/protocol/lufa/LUFA-git/LUFA/Drivers/USB/Core/AVR8/Device_AVR8.o
 .debug_frame   0x000000000000032c      0x42c obj_S60-X_lufa/protocol/lufa/LUFA-git/LUFA/Drivers/USB/Core/AVR8/EndpointStream_AVR8.o
 .debug_frame   0x0000000000000758       0x88 obj_S60-X_lufa/protocol/lufa/LUFA-git/LUFA/Drivers/USB/Core/AVR8/Endpoint_AVR8.o
 .debug_frame   0x00000000000007e0       0x5c obj_S60-X_lufa/protocol/lufa/LUFA-git/LUFA/Drivers/USB/Core/AVR8/USBController_AVR8.o
 .debug_frame   0x000000000000083c      0x108 obj_S60-X_lufa/protocol/lufa/LUFA-git/LUFA/Drivers/USB/Core/AVR8/USBInterrupt_AVR8.o
 .debug_frame   0x0000000000000944       0x3c obj_S60-X_lufa/protocol/lufa/LUFA-git/LUFA/Drivers/USB/Core/DeviceStandardReq.o
 .debug_frame   0x0000000000000980       0x2c obj_S60-X_lufa/protocol/lufa/LUFA-git/LUFA/Drivers/USB/Core/USBTask.o
 .debug_frame   0x00000000000009ac       0xd8 obj_S60-X_lufa/common/host.o
 .debug_frame   0x0000000000000a84       0xdc obj_S60-X_lufa/common/keyboard.o
 .debug_frame   0x0000000000000b60      0x150 obj_S60-X_lufa/common/action.o
 .debug_frame   0x0000000000000cb0       0xc8 obj_S60-X_lufa/common/action_tapping.o
 .debug_frame   0x0000000000000d78       0x50 obj_S60-X_lufa/common/action_macro.o
 .debug_frame   0x0000000000000dc8      0x17c obj_S60-X_lufa/common/action_layer.o
 .debug_frame   0x0000000000000f44      0x144 obj_S60-X_lufa/common/action_util.o
 .debug_frame   0x0000000000001088       0x24 obj_S60-X_lufa/common/print.o
 .debug_frame   0x00000000000010ac      0x11c obj_S60-X_lufa/common/util.o
 .debug_frame   0x00000000000011c8       0xb0 obj_S60-X_lufa/common/avr/suspend.o
 .debug_frame   0x0000000000001278       0xf0 obj_S60-X_lufa/common/avr/timer.o
 .debug_frame   0x0000000000001368       0x34 obj_S60-X_lufa/common/avr/bootloader.o
 .debug_frame   0x000000000000139c       0x54 obj_S60-X_lufa/common/keymap.o
 .debug_frame   0x00000000000013f0       0x90 obj_S60-X_lufa/common/bootmagic.o
 .debug_frame   0x0000000000001480       0xb4 obj_S60-X_lufa/common/avr/eeconfig.o
 .debug_frame   0x0000000000001534       0xf0 obj_S60-X_lufa/common/mousekey.o
 .debug_frame   0x0000000000001624      0x2ac obj_S60-X_lufa/common/command.o

.debug_str      0x0000000000000000     0x40de
 *(.debug_str)
 .debug_str     0x0000000000000000      0x371 /usr/local/Cellar/avr-gcc/4.9.3/lib/gcc/avr/4.9.3/../../../../avr/lib/avr5/crtm32u4.o
 .debug_str     0x0000000000000371      0xbe0 obj_S60-X_lufa/keymap_tachk.o
                                        0xc14 (size before relaxing)
 .debug_str     0x0000000000000f51       0xf0 obj_S60-X_lufa/keymap_common.o
                                        0x636 (size before relaxing)
 .debug_str     0x0000000000001041      0x171 obj_S60-X_lufa/matrix.o
                                        0x32d (size before relaxing)
 .debug_str     0x00000000000011b2       0x16 obj_S60-X_lufa/led.o
                                        0x189 (size before relaxing)
 .debug_str     0x00000000000011c8      0x7f0 obj_S60-X_lufa/protocol/lufa/lufa.o
                                        0xa50 (size before relaxing)
 .debug_str     0x00000000000019b8      0x792 obj_S60-X_lufa/protocol/lufa/descriptor.o
                                        0x999 (size before relaxing)
 .debug_str     0x000000000000214a       0x7b obj_S60-X_lufa/protocol/lufa/LUFA-git/LUFA/Drivers/USB/Core/AVR8/Device_AVR8.o
                                        0x219 (size before relaxing)
 .debug_str     0x00000000000021c5      0x4fe obj_S60-X_lufa/protocol/lufa/LUFA-git/LUFA/Drivers/USB/Core/AVR8/EndpointStream_AVR8.o
                                        0x87c (size before relaxing)
 .debug_str     0x00000000000026c3      0x22a obj_S60-X_lufa/protocol/lufa/LUFA-git/LUFA/Drivers/USB/Core/AVR8/Endpoint_AVR8.o
                                        0x63b (size before relaxing)
 .debug_str     0x00000000000028ed      0x1dd obj_S60-X_lufa/protocol/lufa/LUFA-git/LUFA/Drivers/USB/Core/AVR8/USBController_AVR8.o
                                        0x57a (size before relaxing)
 .debug_str     0x0000000000002aca      0x129 obj_S60-X_lufa/protocol/lufa/LUFA-git/LUFA/Drivers/USB/Core/AVR8/USBInterrupt_AVR8.o
                                        0x5f9 (size before relaxing)
 .debug_str     0x0000000000002bf3      0x417 obj_S60-X_lufa/protocol/lufa/LUFA-git/LUFA/Drivers/USB/Core/DeviceStandardReq.o
                                        0x9ed (size before relaxing)
 .debug_str     0x000000000000300a       0x6e obj_S60-X_lufa/protocol/lufa/LUFA-git/LUFA/Drivers/USB/Core/USBTask.o
                                        0x3a0 (size before relaxing)
 .debug_str     0x0000000000003078       0xcd obj_S60-X_lufa/common/host.o
                                        0x36b (size before relaxing)
 .debug_str     0x0000000000003145       0xd2 obj_S60-X_lufa/common/keyboard.o
                                        0x349 (size before relaxing)
 .debug_str     0x0000000000003217      0x384 obj_S60-X_lufa/common/action.o
                                       0x10e3 (size before relaxing)
 .debug_str     0x000000000000359b       0xec obj_S60-X_lufa/common/action_tapping.o
                                        0xaeb (size before relaxing)
 .debug_str     0x0000000000003687       0x91 obj_S60-X_lufa/common/action_macro.o
                                        0x8c1 (size before relaxing)
 .debug_str     0x0000000000003718       0x79 obj_S60-X_lufa/common/action_layer.o
                                        0x3ff (size before relaxing)
 .debug_str     0x0000000000003791       0x95 obj_S60-X_lufa/common/action_util.o
                                        0x331 (size before relaxing)
 .debug_str     0x0000000000003826       0x36 obj_S60-X_lufa/common/print.o
                                        0x1c3 (size before relaxing)
 .debug_str     0x000000000000385c       0x1e obj_S60-X_lufa/common/debug.o
                                        0x1d9 (size before relaxing)
 .debug_str     0x000000000000387a       0x55 obj_S60-X_lufa/common/util.o
                                        0x1ef (size before relaxing)
 .debug_str     0x00000000000038cf       0x7c obj_S60-X_lufa/common/avr/suspend.o
                                        0x348 (size before relaxing)
 .debug_str     0x000000000000394b       0x6a obj_S60-X_lufa/common/avr/timer.o
                                        0x216 (size before relaxing)
 .debug_str     0x00000000000039b5       0x66 obj_S60-X_lufa/common/avr/bootloader.o
                                        0x25d (size before relaxing)
 .debug_str     0x0000000000003a1b       0xcb obj_S60-X_lufa/common/keymap.o
                                        0xe75 (size before relaxing)
 .debug_str     0x0000000000003ae6       0xe4 obj_S60-X_lufa/common/bootmagic.o
                                        0xba1 (size before relaxing)
 .debug_str     0x0000000000003bca       0x7c obj_S60-X_lufa/common/avr/eeconfig.o
                                        0x2bf (size before relaxing)
 .debug_str     0x0000000000003c46       0xfd obj_S60-X_lufa/common/mousekey.o
                                        0x69b (size before relaxing)
 .debug_str     0x0000000000003d43      0x39b obj_S60-X_lufa/common/command.o
                                        0xd01 (size before relaxing)

.debug_loc      0x0000000000000000     0x7a8b
 *(.debug_loc)
 .debug_loc     0x0000000000000000       0x42 obj_S60-X_lufa/keymap_common.o
 .debug_loc     0x0000000000000042      0x305 obj_S60-X_lufa/matrix.o
 .debug_loc     0x0000000000000347      0x678 obj_S60-X_lufa/protocol/lufa/lufa.o
 .debug_loc     0x00000000000009bf      0x20a obj_S60-X_lufa/protocol/lufa/descriptor.o
 .debug_loc     0x0000000000000bc9     0x1ea0 obj_S60-X_lufa/protocol/lufa/LUFA-git/LUFA/Drivers/USB/Core/AVR8/EndpointStream_AVR8.o
 .debug_loc     0x0000000000002a69      0x3df obj_S60-X_lufa/protocol/lufa/LUFA-git/LUFA/Drivers/USB/Core/AVR8/Endpoint_AVR8.o
 .debug_loc     0x0000000000002e48       0x49 obj_S60-X_lufa/protocol/lufa/LUFA-git/LUFA/Drivers/USB/Core/AVR8/USBController_AVR8.o
 .debug_loc     0x0000000000002e91      0x363 obj_S60-X_lufa/protocol/lufa/LUFA-git/LUFA/Drivers/USB/Core/AVR8/USBInterrupt_AVR8.o
 .debug_loc     0x00000000000031f4      0x2e7 obj_S60-X_lufa/protocol/lufa/LUFA-git/LUFA/Drivers/USB/Core/DeviceStandardReq.o
 .debug_loc     0x00000000000034db       0x49 obj_S60-X_lufa/protocol/lufa/LUFA-git/LUFA/Drivers/USB/Core/USBTask.o
 .debug_loc     0x0000000000003524      0x1c2 obj_S60-X_lufa/common/host.o
 .debug_loc     0x00000000000036e6      0x26b obj_S60-X_lufa/common/keyboard.o
 .debug_loc     0x0000000000003951      0xd88 obj_S60-X_lufa/common/action.o
 .debug_loc     0x00000000000046d9      0x63d obj_S60-X_lufa/common/action_tapping.o
 .debug_loc     0x0000000000004d16      0x578 obj_S60-X_lufa/common/action_macro.o
 .debug_loc     0x000000000000528e      0x695 obj_S60-X_lufa/common/action_layer.o
 .debug_loc     0x0000000000005923      0x1d2 obj_S60-X_lufa/common/action_util.o
 .debug_loc     0x0000000000005af5      0x524 obj_S60-X_lufa/common/util.o
 .debug_loc     0x0000000000006019       0xc5 obj_S60-X_lufa/common/avr/suspend.o
 .debug_loc     0x00000000000060de      0x20a obj_S60-X_lufa/common/avr/timer.o
 .debug_loc     0x00000000000062e8      0x2d7 obj_S60-X_lufa/common/keymap.o
 .debug_loc     0x00000000000065bf      0x2e9 obj_S60-X_lufa/common/bootmagic.o
 .debug_loc     0x00000000000068a8       0x84 obj_S60-X_lufa/common/avr/eeconfig.o
 .debug_loc     0x000000000000692c      0x574 obj_S60-X_lufa/common/mousekey.o
 .debug_loc     0x0000000000006ea0      0xbeb obj_S60-X_lufa/common/command.o

.debug_macinfo
 *(.debug_macinfo)

.debug_weaknames
 *(.debug_weaknames)

.debug_funcnames
 *(.debug_funcnames)

.debug_typenames
 *(.debug_typenames)

.debug_varnames
 *(.debug_varnames)

.debug_pubtypes
 *(.debug_pubtypes)

.debug_ranges   0x0000000000000000      0xa58
 *(.debug_ranges)
 .debug_ranges  0x0000000000000000       0x18 obj_S60-X_lufa/keymap_common.o
 .debug_ranges  0x0000000000000018       0x58 obj_S60-X_lufa/matrix.o
 .debug_ranges  0x0000000000000070       0x10 obj_S60-X_lufa/led.o
 .debug_ranges  0x0000000000000080       0x80 obj_S60-X_lufa/protocol/lufa/lufa.o
 .debug_ranges  0x0000000000000100       0x10 obj_S60-X_lufa/protocol/lufa/descriptor.o
 .debug_ranges  0x0000000000000110       0x10 obj_S60-X_lufa/protocol/lufa/LUFA-git/LUFA/Drivers/USB/Core/AVR8/Device_AVR8.o
 .debug_ranges  0x0000000000000120      0x1f8 obj_S60-X_lufa/protocol/lufa/LUFA-git/LUFA/Drivers/USB/Core/AVR8/EndpointStream_AVR8.o
 .debug_ranges  0x0000000000000318       0x78 obj_S60-X_lufa/protocol/lufa/LUFA-git/LUFA/Drivers/USB/Core/AVR8/Endpoint_AVR8.o
 .debug_ranges  0x0000000000000390       0x20 obj_S60-X_lufa/protocol/lufa/LUFA-git/LUFA/Drivers/USB/Core/AVR8/USBController_AVR8.o
 .debug_ranges  0x00000000000003b0       0x40 obj_S60-X_lufa/protocol/lufa/LUFA-git/LUFA/Drivers/USB/Core/AVR8/USBInterrupt_AVR8.o
 .debug_ranges  0x00000000000003f0       0x28 obj_S60-X_lufa/protocol/lufa/LUFA-git/LUFA/Drivers/USB/Core/DeviceStandardReq.o
 .debug_ranges  0x0000000000000418       0x10 obj_S60-X_lufa/protocol/lufa/LUFA-git/LUFA/Drivers/USB/Core/USBTask.o
 .debug_ranges  0x0000000000000428       0x50 obj_S60-X_lufa/common/host.o
 .debug_ranges  0x0000000000000478       0x68 obj_S60-X_lufa/common/keyboard.o
 .debug_ranges  0x00000000000004e0       0xf0 obj_S60-X_lufa/common/action.o
 .debug_ranges  0x00000000000005d0       0x48 obj_S60-X_lufa/common/action_tapping.o
 .debug_ranges  0x0000000000000618       0x28 obj_S60-X_lufa/common/action_macro.o
 .debug_ranges  0x0000000000000640      0x110 obj_S60-X_lufa/common/action_layer.o
 .debug_ranges  0x0000000000000750       0xb8 obj_S60-X_lufa/common/action_util.o
 .debug_ranges  0x0000000000000808       0x10 obj_S60-X_lufa/common/print.o
 .debug_ranges  0x0000000000000818       0x50 obj_S60-X_lufa/common/util.o
 .debug_ranges  0x0000000000000868       0x58 obj_S60-X_lufa/common/avr/suspend.o
 .debug_ranges  0x00000000000008c0       0x40 obj_S60-X_lufa/common/avr/timer.o
 .debug_ranges  0x0000000000000900       0x18 obj_S60-X_lufa/common/avr/bootloader.o
 .debug_ranges  0x0000000000000918       0x28 obj_S60-X_lufa/common/keymap.o
 .debug_ranges  0x0000000000000940       0x38 obj_S60-X_lufa/common/bootmagic.o
 .debug_ranges  0x0000000000000978       0x58 obj_S60-X_lufa/common/avr/eeconfig.o
 .debug_ranges  0x00000000000009d0       0x40 obj_S60-X_lufa/common/mousekey.o
 .debug_ranges  0x0000000000000a10       0x48 obj_S60-X_lufa/common/command.o

.debug_macro
 *(.debug_macro)
OUTPUT(S60-X_lufa.elf elf32-avr)
LOAD linker stubs
